Archive member included to satisfy reference by file (symbol)

c:/st/stm32cubeide_1.4.0/stm32cubeide/plugins/com.st.stm32cube.ide.mcu.externaltools.gnu-tools-for-stm32.7-2018-q2-update.win32_1.4.0.202007081208/tools/bin/../lib/gcc/arm-none-eabi/7.3.1/../../../../arm-none-eabi/lib/thumb/v7e-m/fpv4-sp/hard\libc_nano.a(lib_a-errno.o)
                              Src/syscalls.o (__errno)
c:/st/stm32cubeide_1.4.0/stm32cubeide/plugins/com.st.stm32cube.ide.mcu.externaltools.gnu-tools-for-stm32.7-2018-q2-update.win32_1.4.0.202007081208/tools/bin/../lib/gcc/arm-none-eabi/7.3.1/../../../../arm-none-eabi/lib/thumb/v7e-m/fpv4-sp/hard\libc_nano.a(lib_a-exit.o)
                              c:/st/stm32cubeide_1.4.0/stm32cubeide/plugins/com.st.stm32cube.ide.mcu.externaltools.gnu-tools-for-stm32.7-2018-q2-update.win32_1.4.0.202007081208/tools/bin/../lib/gcc/arm-none-eabi/7.3.1/../../../../arm-none-eabi/lib/thumb/v7e-m/fpv4-sp/hard/crt0.o (exit)
c:/st/stm32cubeide_1.4.0/stm32cubeide/plugins/com.st.stm32cube.ide.mcu.externaltools.gnu-tools-for-stm32.7-2018-q2-update.win32_1.4.0.202007081208/tools/bin/../lib/gcc/arm-none-eabi/7.3.1/../../../../arm-none-eabi/lib/thumb/v7e-m/fpv4-sp/hard\libc_nano.a(lib_a-impure.o)
                              c:/st/stm32cubeide_1.4.0/stm32cubeide/plugins/com.st.stm32cube.ide.mcu.externaltools.gnu-tools-for-stm32.7-2018-q2-update.win32_1.4.0.202007081208/tools/bin/../lib/gcc/arm-none-eabi/7.3.1/../../../../arm-none-eabi/lib/thumb/v7e-m/fpv4-sp/hard\libc_nano.a(lib_a-exit.o) (_global_impure_ptr)
c:/st/stm32cubeide_1.4.0/stm32cubeide/plugins/com.st.stm32cube.ide.mcu.externaltools.gnu-tools-for-stm32.7-2018-q2-update.win32_1.4.0.202007081208/tools/bin/../lib/gcc/arm-none-eabi/7.3.1/../../../../arm-none-eabi/lib/thumb/v7e-m/fpv4-sp/hard\libc_nano.a(lib_a-init.o)
                              c:/st/stm32cubeide_1.4.0/stm32cubeide/plugins/com.st.stm32cube.ide.mcu.externaltools.gnu-tools-for-stm32.7-2018-q2-update.win32_1.4.0.202007081208/tools/bin/../lib/gcc/arm-none-eabi/7.3.1/../../../../arm-none-eabi/lib/thumb/v7e-m/fpv4-sp/hard/crt0.o (__libc_init_array)
c:/st/stm32cubeide_1.4.0/stm32cubeide/plugins/com.st.stm32cube.ide.mcu.externaltools.gnu-tools-for-stm32.7-2018-q2-update.win32_1.4.0.202007081208/tools/bin/../lib/gcc/arm-none-eabi/7.3.1/../../../../arm-none-eabi/lib/thumb/v7e-m/fpv4-sp/hard\libc_nano.a(lib_a-memset.o)
                              c:/st/stm32cubeide_1.4.0/stm32cubeide/plugins/com.st.stm32cube.ide.mcu.externaltools.gnu-tools-for-stm32.7-2018-q2-update.win32_1.4.0.202007081208/tools/bin/../lib/gcc/arm-none-eabi/7.3.1/../../../../arm-none-eabi/lib/thumb/v7e-m/fpv4-sp/hard/crt0.o (memset)

Discarded input sections

 .text          0x0000000000000000        0x0 c:/st/stm32cubeide_1.4.0/stm32cubeide/plugins/com.st.stm32cube.ide.mcu.externaltools.gnu-tools-for-stm32.7-2018-q2-update.win32_1.4.0.202007081208/tools/bin/../lib/gcc/arm-none-eabi/7.3.1/thumb/v7e-m/fpv4-sp/hard/crti.o
 .data          0x0000000000000000        0x0 c:/st/stm32cubeide_1.4.0/stm32cubeide/plugins/com.st.stm32cube.ide.mcu.externaltools.gnu-tools-for-stm32.7-2018-q2-update.win32_1.4.0.202007081208/tools/bin/../lib/gcc/arm-none-eabi/7.3.1/thumb/v7e-m/fpv4-sp/hard/crti.o
 .bss           0x0000000000000000        0x0 c:/st/stm32cubeide_1.4.0/stm32cubeide/plugins/com.st.stm32cube.ide.mcu.externaltools.gnu-tools-for-stm32.7-2018-q2-update.win32_1.4.0.202007081208/tools/bin/../lib/gcc/arm-none-eabi/7.3.1/thumb/v7e-m/fpv4-sp/hard/crti.o
 .data          0x0000000000000000        0x4 c:/st/stm32cubeide_1.4.0/stm32cubeide/plugins/com.st.stm32cube.ide.mcu.externaltools.gnu-tools-for-stm32.7-2018-q2-update.win32_1.4.0.202007081208/tools/bin/../lib/gcc/arm-none-eabi/7.3.1/thumb/v7e-m/fpv4-sp/hard/crtbegin.o
 .text          0x0000000000000000       0x74 c:/st/stm32cubeide_1.4.0/stm32cubeide/plugins/com.st.stm32cube.ide.mcu.externaltools.gnu-tools-for-stm32.7-2018-q2-update.win32_1.4.0.202007081208/tools/bin/../lib/gcc/arm-none-eabi/7.3.1/../../../../arm-none-eabi/lib/thumb/v7e-m/fpv4-sp/hard/crt0.o
 .data          0x0000000000000000        0x0 c:/st/stm32cubeide_1.4.0/stm32cubeide/plugins/com.st.stm32cube.ide.mcu.externaltools.gnu-tools-for-stm32.7-2018-q2-update.win32_1.4.0.202007081208/tools/bin/../lib/gcc/arm-none-eabi/7.3.1/../../../../arm-none-eabi/lib/thumb/v7e-m/fpv4-sp/hard/crt0.o
 .bss           0x0000000000000000        0x0 c:/st/stm32cubeide_1.4.0/stm32cubeide/plugins/com.st.stm32cube.ide.mcu.externaltools.gnu-tools-for-stm32.7-2018-q2-update.win32_1.4.0.202007081208/tools/bin/../lib/gcc/arm-none-eabi/7.3.1/../../../../arm-none-eabi/lib/thumb/v7e-m/fpv4-sp/hard/crt0.o
 .ARM.extab     0x0000000000000000        0x0 c:/st/stm32cubeide_1.4.0/stm32cubeide/plugins/com.st.stm32cube.ide.mcu.externaltools.gnu-tools-for-stm32.7-2018-q2-update.win32_1.4.0.202007081208/tools/bin/../lib/gcc/arm-none-eabi/7.3.1/../../../../arm-none-eabi/lib/thumb/v7e-m/fpv4-sp/hard/crt0.o
 .ARM.exidx     0x0000000000000000        0x8 c:/st/stm32cubeide_1.4.0/stm32cubeide/plugins/com.st.stm32cube.ide.mcu.externaltools.gnu-tools-for-stm32.7-2018-q2-update.win32_1.4.0.202007081208/tools/bin/../lib/gcc/arm-none-eabi/7.3.1/../../../../arm-none-eabi/lib/thumb/v7e-m/fpv4-sp/hard/crt0.o
 .ARM.attributes
                0x0000000000000000       0x20 c:/st/stm32cubeide_1.4.0/stm32cubeide/plugins/com.st.stm32cube.ide.mcu.externaltools.gnu-tools-for-stm32.7-2018-q2-update.win32_1.4.0.202007081208/tools/bin/../lib/gcc/arm-none-eabi/7.3.1/../../../../arm-none-eabi/lib/thumb/v7e-m/fpv4-sp/hard/crt0.o
 .group         0x0000000000000000        0xc Src/main.o
 .group         0x0000000000000000        0xc Src/main.o
 .group         0x0000000000000000        0xc Src/main.o
 .group         0x0000000000000000        0xc Src/main.o
 .group         0x0000000000000000        0xc Src/main.o
 .group         0x0000000000000000        0xc Src/main.o
 .group         0x0000000000000000        0xc Src/main.o
 .group         0x0000000000000000        0xc Src/main.o
 .group         0x0000000000000000        0xc Src/main.o
 .group         0x0000000000000000        0xc Src/main.o
 .group         0x0000000000000000        0xc Src/main.o
 .group         0x0000000000000000        0xc Src/main.o
 .text          0x0000000000000000        0x0 Src/main.o
 .data          0x0000000000000000        0x0 Src/main.o
 .bss           0x0000000000000000        0x0 Src/main.o
 .group         0x0000000000000000        0xc Src/syscalls.o
 .group         0x0000000000000000        0xc Src/syscalls.o
 .group         0x0000000000000000        0xc Src/syscalls.o
 .group         0x0000000000000000        0xc Src/syscalls.o
 .group         0x0000000000000000        0xc Src/syscalls.o
 .group         0x0000000000000000        0xc Src/syscalls.o
 .group         0x0000000000000000        0xc Src/syscalls.o
 .group         0x0000000000000000        0xc Src/syscalls.o
 .group         0x0000000000000000        0xc Src/syscalls.o
 .group         0x0000000000000000        0xc Src/syscalls.o
 .group         0x0000000000000000        0xc Src/syscalls.o
 .group         0x0000000000000000        0xc Src/syscalls.o
 .group         0x0000000000000000        0xc Src/syscalls.o
 .group         0x0000000000000000        0xc Src/syscalls.o
 .group         0x0000000000000000        0xc Src/syscalls.o
 .group         0x0000000000000000        0xc Src/syscalls.o
 .group         0x0000000000000000        0xc Src/syscalls.o
 .group         0x0000000000000000        0xc Src/syscalls.o
 .group         0x0000000000000000        0xc Src/syscalls.o
 .group         0x0000000000000000        0xc Src/syscalls.o
 .group         0x0000000000000000        0xc Src/syscalls.o
 .group         0x0000000000000000        0xc Src/syscalls.o
 .group         0x0000000000000000        0xc Src/syscalls.o
 .group         0x0000000000000000        0xc Src/syscalls.o
 .group         0x0000000000000000        0xc Src/syscalls.o
 .group         0x0000000000000000        0xc Src/syscalls.o
 .group         0x0000000000000000        0xc Src/syscalls.o
 .group         0x0000000000000000        0xc Src/syscalls.o
 .group         0x0000000000000000        0xc Src/syscalls.o
 .group         0x0000000000000000        0xc Src/syscalls.o
 .group         0x0000000000000000        0xc Src/syscalls.o
 .group         0x0000000000000000        0xc Src/syscalls.o
 .group         0x0000000000000000        0xc Src/syscalls.o
 .group         0x0000000000000000        0xc Src/syscalls.o
 .group         0x0000000000000000        0xc Src/syscalls.o
 .group         0x0000000000000000        0xc Src/syscalls.o
 .group         0x0000000000000000        0xc Src/syscalls.o
 .group         0x0000000000000000        0xc Src/syscalls.o
 .group         0x0000000000000000        0xc Src/syscalls.o
 .group         0x0000000000000000        0xc Src/syscalls.o
 .group         0x0000000000000000        0xc Src/syscalls.o
 .group         0x0000000000000000        0xc Src/syscalls.o
 .group         0x0000000000000000        0xc Src/syscalls.o
 .group         0x0000000000000000        0xc Src/syscalls.o
 .text          0x0000000000000000        0x0 Src/syscalls.o
 .data          0x0000000000000000        0x0 Src/syscalls.o
 .bss           0x0000000000000000        0x0 Src/syscalls.o
 .bss.__env     0x0000000000000000        0x4 Src/syscalls.o
 .data.environ  0x0000000000000000        0x4 Src/syscalls.o
 .text.initialise_monitor_handles
                0x0000000000000000        0xe Src/syscalls.o
 .text._getpid  0x0000000000000000       0x10 Src/syscalls.o
 .text._kill    0x0000000000000000       0x20 Src/syscalls.o
 .text._exit    0x0000000000000000       0x14 Src/syscalls.o
 .text._read    0x0000000000000000       0x3a Src/syscalls.o
 .text._write   0x0000000000000000       0x38 Src/syscalls.o
 .text._close   0x0000000000000000       0x18 Src/syscalls.o
 .text._fstat   0x0000000000000000       0x20 Src/syscalls.o
 .text._isatty  0x0000000000000000       0x16 Src/syscalls.o
 .text._lseek   0x0000000000000000       0x1a Src/syscalls.o
 .text._open    0x0000000000000000       0x1c Src/syscalls.o
 .text._wait    0x0000000000000000       0x1e Src/syscalls.o
 .text._unlink  0x0000000000000000       0x1e Src/syscalls.o
 .text._times   0x0000000000000000       0x18 Src/syscalls.o
 .text._stat    0x0000000000000000       0x20 Src/syscalls.o
 .text._link    0x0000000000000000       0x20 Src/syscalls.o
 .text._fork    0x0000000000000000       0x16 Src/syscalls.o
 .text._execve  0x0000000000000000       0x22 Src/syscalls.o
 .debug_info    0x0000000000000000      0xebd Src/syscalls.o
 .debug_abbrev  0x0000000000000000      0x261 Src/syscalls.o
 .debug_aranges
                0x0000000000000000       0xa8 Src/syscalls.o
 .debug_ranges  0x0000000000000000       0x98 Src/syscalls.o
 .debug_macro   0x0000000000000000      0x243 Src/syscalls.o
 .debug_macro   0x0000000000000000      0xa60 Src/syscalls.o
 .debug_macro   0x0000000000000000       0x22 Src/syscalls.o
 .debug_macro   0x0000000000000000       0x40 Src/syscalls.o
 .debug_macro   0x0000000000000000       0x18 Src/syscalls.o
 .debug_macro   0x0000000000000000       0x94 Src/syscalls.o
 .debug_macro   0x0000000000000000       0x3c Src/syscalls.o
 .debug_macro   0x0000000000000000       0x34 Src/syscalls.o
 .debug_macro   0x0000000000000000       0x57 Src/syscalls.o
 .debug_macro   0x0000000000000000      0x174 Src/syscalls.o
 .debug_macro   0x0000000000000000      0x330 Src/syscalls.o
 .debug_macro   0x0000000000000000       0x52 Src/syscalls.o
 .debug_macro   0x0000000000000000       0x1f Src/syscalls.o
 .debug_macro   0x0000000000000000       0x43 Src/syscalls.o
 .debug_macro   0x0000000000000000       0x20 Src/syscalls.o
 .debug_macro   0x0000000000000000      0x1a3 Src/syscalls.o
 .debug_macro   0x0000000000000000       0x10 Src/syscalls.o
 .debug_macro   0x0000000000000000       0x35 Src/syscalls.o
 .debug_macro   0x0000000000000000       0x10 Src/syscalls.o
 .debug_macro   0x0000000000000000       0x10 Src/syscalls.o
 .debug_macro   0x0000000000000000       0x10 Src/syscalls.o
 .debug_macro   0x0000000000000000       0x6a Src/syscalls.o
 .debug_macro   0x0000000000000000       0x1c Src/syscalls.o
 .debug_macro   0x0000000000000000       0x52 Src/syscalls.o
 .debug_macro   0x0000000000000000       0x40 Src/syscalls.o
 .debug_macro   0x0000000000000000       0x10 Src/syscalls.o
 .debug_macro   0x0000000000000000       0x40 Src/syscalls.o
 .debug_macro   0x0000000000000000       0xd7 Src/syscalls.o
 .debug_macro   0x0000000000000000       0x1c Src/syscalls.o
 .debug_macro   0x0000000000000000       0x3d Src/syscalls.o
 .debug_macro   0x0000000000000000       0x35 Src/syscalls.o
 .debug_macro   0x0000000000000000      0x122 Src/syscalls.o
 .debug_macro   0x0000000000000000       0x16 Src/syscalls.o
 .debug_macro   0x0000000000000000       0x16 Src/syscalls.o
 .debug_macro   0x0000000000000000       0x29 Src/syscalls.o
 .debug_macro   0x0000000000000000       0x10 Src/syscalls.o
 .debug_macro   0x0000000000000000      0x241 Src/syscalls.o
 .debug_macro   0x0000000000000000       0x1c Src/syscalls.o
 .debug_macro   0x0000000000000000       0x10 Src/syscalls.o
 .debug_macro   0x0000000000000000       0x10 Src/syscalls.o
 .debug_macro   0x0000000000000000       0x16 Src/syscalls.o
 .debug_macro   0x0000000000000000      0x145 Src/syscalls.o
 .debug_macro   0x0000000000000000      0x189 Src/syscalls.o
 .debug_macro   0x0000000000000000       0x16 Src/syscalls.o
 .debug_macro   0x0000000000000000       0x88 Src/syscalls.o
 .debug_line    0x0000000000000000      0x739 Src/syscalls.o
 .debug_str     0x0000000000000000     0x8892 Src/syscalls.o
 .comment       0x0000000000000000       0x7c Src/syscalls.o
 .debug_frame   0x0000000000000000      0x2ac Src/syscalls.o
 .ARM.attributes
                0x0000000000000000       0x39 Src/syscalls.o
 .group         0x0000000000000000        0xc Src/sysmem.o
 .group         0x0000000000000000        0xc Src/sysmem.o
 .group         0x0000000000000000        0xc Src/sysmem.o
 .group         0x0000000000000000        0xc Src/sysmem.o
 .group         0x0000000000000000        0xc Src/sysmem.o
 .group         0x0000000000000000        0xc Src/sysmem.o
 .group         0x0000000000000000        0xc Src/sysmem.o
 .group         0x0000000000000000        0xc Src/sysmem.o
 .group         0x0000000000000000        0xc Src/sysmem.o
 .group         0x0000000000000000        0xc Src/sysmem.o
 .group         0x0000000000000000        0xc Src/sysmem.o
 .group         0x0000000000000000        0xc Src/sysmem.o
 .group         0x0000000000000000        0xc Src/sysmem.o
 .group         0x0000000000000000        0xc Src/sysmem.o
 .group         0x0000000000000000        0xc Src/sysmem.o
 .group         0x0000000000000000        0xc Src/sysmem.o
 .group         0x0000000000000000        0xc Src/sysmem.o
 .group         0x0000000000000000        0xc Src/sysmem.o
 .group         0x0000000000000000        0xc Src/sysmem.o
 .text          0x0000000000000000        0x0 Src/sysmem.o
 .data          0x0000000000000000        0x0 Src/sysmem.o
 .bss           0x0000000000000000        0x0 Src/sysmem.o
 .bss.__sbrk_heap_end
                0x0000000000000000        0x4 Src/sysmem.o
 .text._sbrk    0x0000000000000000       0x6c Src/sysmem.o
 .debug_info    0x0000000000000000      0x985 Src/sysmem.o
 .debug_abbrev  0x0000000000000000      0x19b Src/sysmem.o
 .debug_aranges
                0x0000000000000000       0x20 Src/sysmem.o
 .debug_ranges  0x0000000000000000       0x10 Src/sysmem.o
 .debug_macro   0x0000000000000000       0xee Src/sysmem.o
 .debug_macro   0x0000000000000000      0xa60 Src/sysmem.o
 .debug_macro   0x0000000000000000       0x10 Src/sysmem.o
 .debug_macro   0x0000000000000000       0x22 Src/sysmem.o
 .debug_macro   0x0000000000000000       0x40 Src/sysmem.o
 .debug_macro   0x0000000000000000       0x18 Src/sysmem.o
 .debug_macro   0x0000000000000000       0x94 Src/sysmem.o
 .debug_macro   0x0000000000000000       0x3c Src/sysmem.o
 .debug_macro   0x0000000000000000       0x34 Src/sysmem.o
 .debug_macro   0x0000000000000000      0x174 Src/sysmem.o
 .debug_macro   0x0000000000000000       0x57 Src/sysmem.o
 .debug_macro   0x0000000000000000       0x52 Src/sysmem.o
 .debug_macro   0x0000000000000000       0x1f Src/sysmem.o
 .debug_macro   0x0000000000000000       0x43 Src/sysmem.o
 .debug_macro   0x0000000000000000       0x20 Src/sysmem.o
 .debug_macro   0x0000000000000000      0x1a3 Src/sysmem.o
 .debug_macro   0x0000000000000000      0x23b Src/sysmem.o
 .debug_macro   0x0000000000000000       0xef Src/sysmem.o
 .debug_macro   0x0000000000000000       0x6a Src/sysmem.o
 .debug_macro   0x0000000000000000      0x1df Src/sysmem.o
 .debug_line    0x0000000000000000      0x4c2 Src/sysmem.o
 .debug_str     0x0000000000000000     0x5f60 Src/sysmem.o
 .comment       0x0000000000000000       0x7c Src/sysmem.o
 .debug_frame   0x0000000000000000       0x34 Src/sysmem.o
 .ARM.attributes
                0x0000000000000000       0x39 Src/sysmem.o
 .text          0x0000000000000000       0x14 Startup/startup_stm32f407vgtx.o
 .data          0x0000000000000000        0x0 Startup/startup_stm32f407vgtx.o
 .bss           0x0000000000000000        0x0 Startup/startup_stm32f407vgtx.o
 .group         0x0000000000000000        0xc drivers/Src/arm4_nvic.o
 .group         0x0000000000000000        0xc drivers/Src/arm4_nvic.o
 .group         0x0000000000000000        0xc drivers/Src/arm4_nvic.o
 .group         0x0000000000000000        0xc drivers/Src/arm4_nvic.o
 .group         0x0000000000000000        0xc drivers/Src/arm4_nvic.o
 .group         0x0000000000000000        0xc drivers/Src/arm4_nvic.o
 .group         0x0000000000000000        0xc drivers/Src/arm4_nvic.o
 .group         0x0000000000000000        0xc drivers/Src/arm4_nvic.o
 .group         0x0000000000000000        0xc drivers/Src/arm4_nvic.o
 .text          0x0000000000000000        0x0 drivers/Src/arm4_nvic.o
 .data          0x0000000000000000        0x0 drivers/Src/arm4_nvic.o
 .bss           0x0000000000000000        0x0 drivers/Src/arm4_nvic.o
 .text.NVIC_EnableIRQ
                0x0000000000000000       0x88 drivers/Src/arm4_nvic.o
 .text.NVIC_DisableIRQ
                0x0000000000000000       0x88 drivers/Src/arm4_nvic.o
 .text.NVIC_SetPending
                0x0000000000000000       0x88 drivers/Src/arm4_nvic.o
 .text.NVIC_ClearPending
                0x0000000000000000       0x88 drivers/Src/arm4_nvic.o
 .text.NVIC_GetIRQPdStatus
                0x0000000000000000       0x7c drivers/Src/arm4_nvic.o
 .text.GPIO_IRQInterruptConfig
                0x0000000000000000      0x10c drivers/Src/arm4_nvic.o
 .text.NVIC_SetPriority
                0x0000000000000000       0x5c drivers/Src/arm4_nvic.o
 .text.NVIC_GetPriority
                0x0000000000000000       0x46 drivers/Src/arm4_nvic.o
 .debug_info    0x0000000000000000      0x4b6 drivers/Src/arm4_nvic.o
 .debug_abbrev  0x0000000000000000       0xcf drivers/Src/arm4_nvic.o
 .debug_aranges
                0x0000000000000000       0x58 drivers/Src/arm4_nvic.o
 .debug_ranges  0x0000000000000000       0x48 drivers/Src/arm4_nvic.o
 .debug_macro   0x0000000000000000       0x85 drivers/Src/arm4_nvic.o
 .debug_macro   0x0000000000000000      0xa60 drivers/Src/arm4_nvic.o
 .debug_macro   0x0000000000000000       0x22 drivers/Src/arm4_nvic.o
 .debug_macro   0x0000000000000000       0x8e drivers/Src/arm4_nvic.o
 .debug_macro   0x0000000000000000       0x51 drivers/Src/arm4_nvic.o
 .debug_macro   0x0000000000000000       0xef drivers/Src/arm4_nvic.o
 .debug_macro   0x0000000000000000       0x6a drivers/Src/arm4_nvic.o
 .debug_macro   0x0000000000000000      0x1df drivers/Src/arm4_nvic.o
 .debug_macro   0x0000000000000000      0xf22 drivers/Src/arm4_nvic.o
 .debug_macro   0x0000000000000000      0x148 drivers/Src/arm4_nvic.o
 .debug_line    0x0000000000000000      0x514 drivers/Src/arm4_nvic.o
 .debug_str     0x0000000000000000     0xa30f drivers/Src/arm4_nvic.o
 .comment       0x0000000000000000       0x7c drivers/Src/arm4_nvic.o
 .debug_frame   0x0000000000000000      0x150 drivers/Src/arm4_nvic.o
 .ARM.attributes
                0x0000000000000000       0x39 drivers/Src/arm4_nvic.o
 .group         0x0000000000000000        0xc drivers/Src/stm32f407_exti.o
 .group         0x0000000000000000        0xc drivers/Src/stm32f407_exti.o
 .group         0x0000000000000000        0xc drivers/Src/stm32f407_exti.o
 .group         0x0000000000000000        0xc drivers/Src/stm32f407_exti.o
 .group         0x0000000000000000        0xc drivers/Src/stm32f407_exti.o
 .group         0x0000000000000000        0xc drivers/Src/stm32f407_exti.o
 .group         0x0000000000000000        0xc drivers/Src/stm32f407_exti.o
 .group         0x0000000000000000        0xc drivers/Src/stm32f407_exti.o
 .group         0x0000000000000000        0xc drivers/Src/stm32f407_exti.o
 .group         0x0000000000000000        0xc drivers/Src/stm32f407_exti.o
 .group         0x0000000000000000        0xc drivers/Src/stm32f407_exti.o
 .text          0x0000000000000000        0x0 drivers/Src/stm32f407_exti.o
 .data          0x0000000000000000        0x0 drivers/Src/stm32f407_exti.o
 .bss           0x0000000000000000        0x0 drivers/Src/stm32f407_exti.o
 .text.EXTI_MaskInterrupt
                0x0000000000000000       0x38 drivers/Src/stm32f407_exti.o
 .text.EXTI_UnmaskInterrupt
                0x0000000000000000       0x30 drivers/Src/stm32f407_exti.o
 .text.EXTI_MaskEvent
                0x0000000000000000       0x38 drivers/Src/stm32f407_exti.o
 .text.EXTI_UnmaskEvent
                0x0000000000000000       0x30 drivers/Src/stm32f407_exti.o
 .text.EXTI_SetRisingTrigger
                0x0000000000000000       0x44 drivers/Src/stm32f407_exti.o
 .text.EXTI_SetFallingTrigger
                0x0000000000000000       0x44 drivers/Src/stm32f407_exti.o
 .text.EXTI_SetRisingFallingTrigger
                0x0000000000000000       0x44 drivers/Src/stm32f407_exti.o
 .text.EXTI_PendingReg
                0x0000000000000000       0x44 drivers/Src/stm32f407_exti.o
 .debug_info    0x0000000000000000      0x218 drivers/Src/stm32f407_exti.o
 .debug_abbrev  0x0000000000000000       0xad drivers/Src/stm32f407_exti.o
 .debug_aranges
                0x0000000000000000       0x58 drivers/Src/stm32f407_exti.o
 .debug_ranges  0x0000000000000000       0x48 drivers/Src/stm32f407_exti.o
 .debug_macro   0x0000000000000000       0xa3 drivers/Src/stm32f407_exti.o
 .debug_macro   0x0000000000000000      0xa60 drivers/Src/stm32f407_exti.o
 .debug_macro   0x0000000000000000       0x22 drivers/Src/stm32f407_exti.o
 .debug_macro   0x0000000000000000       0x8e drivers/Src/stm32f407_exti.o
 .debug_macro   0x0000000000000000       0x51 drivers/Src/stm32f407_exti.o
 .debug_macro   0x0000000000000000       0xef drivers/Src/stm32f407_exti.o
 .debug_macro   0x0000000000000000       0x6a drivers/Src/stm32f407_exti.o
 .debug_macro   0x0000000000000000      0x1df drivers/Src/stm32f407_exti.o
 .debug_macro   0x0000000000000000      0x148 drivers/Src/stm32f407_exti.o
 .debug_macro   0x0000000000000000      0xf22 drivers/Src/stm32f407_exti.o
 .debug_macro   0x0000000000000000       0xc4 drivers/Src/stm32f407_exti.o
 .debug_macro   0x0000000000000000       0xac drivers/Src/stm32f407_exti.o
 .debug_line    0x0000000000000000      0x48d drivers/Src/stm32f407_exti.o
 .debug_str     0x0000000000000000     0xa2fd drivers/Src/stm32f407_exti.o
 .comment       0x0000000000000000       0x7c drivers/Src/stm32f407_exti.o
 .debug_frame   0x0000000000000000      0x150 drivers/Src/stm32f407_exti.o
 .ARM.attributes
                0x0000000000000000       0x39 drivers/Src/stm32f407_exti.o
 .group         0x0000000000000000        0xc drivers/Src/stm32f407_gpio.o
 .group         0x0000000000000000        0xc drivers/Src/stm32f407_gpio.o
 .group         0x0000000000000000        0xc drivers/Src/stm32f407_gpio.o
 .group         0x0000000000000000        0xc drivers/Src/stm32f407_gpio.o
 .group         0x0000000000000000        0xc drivers/Src/stm32f407_gpio.o
 .group         0x0000000000000000        0xc drivers/Src/stm32f407_gpio.o
 .group         0x0000000000000000        0xc drivers/Src/stm32f407_gpio.o
 .group         0x0000000000000000        0xc drivers/Src/stm32f407_gpio.o
 .group         0x0000000000000000        0xc drivers/Src/stm32f407_gpio.o
 .group         0x0000000000000000        0xc drivers/Src/stm32f407_gpio.o
 .group         0x0000000000000000        0xc drivers/Src/stm32f407_gpio.o
 .group         0x0000000000000000        0xc drivers/Src/stm32f407_gpio.o
 .text          0x0000000000000000        0x0 drivers/Src/stm32f407_gpio.o
 .data          0x0000000000000000        0x0 drivers/Src/stm32f407_gpio.o
 .bss           0x0000000000000000        0x0 drivers/Src/stm32f407_gpio.o
 .text.GPIO_PeriClockControl
                0x0000000000000000      0x10c drivers/Src/stm32f407_gpio.o
 .text.GPIO_Init
                0x0000000000000000      0x1e0 drivers/Src/stm32f407_gpio.o
 .text.GPIO_DeInit
                0x0000000000000000       0x14 drivers/Src/stm32f407_gpio.o
 .text.GPIO_ReadFromInputPin
                0x0000000000000000       0x2c drivers/Src/stm32f407_gpio.o
 .text.GPIO_ReadFromInputPort
                0x0000000000000000       0x1c drivers/Src/stm32f407_gpio.o
 .text.GPIO_WriteToInputPin
                0x0000000000000000       0x4a drivers/Src/stm32f407_gpio.o
 .text.GPIO_WriiteToInputPort
                0x0000000000000000       0x1e drivers/Src/stm32f407_gpio.o
 .text.GPIO_ToggleOutputPin
                0x0000000000000000       0x2a drivers/Src/stm32f407_gpio.o
 .text.GPIO_IRQHandling
                0x0000000000000000       0x40 drivers/Src/stm32f407_gpio.o
 .debug_info    0x0000000000000000      0x5a5 drivers/Src/stm32f407_gpio.o
 .debug_abbrev  0x0000000000000000      0x114 drivers/Src/stm32f407_gpio.o
 .debug_aranges
                0x0000000000000000       0x60 drivers/Src/stm32f407_gpio.o
 .debug_ranges  0x0000000000000000       0x68 drivers/Src/stm32f407_gpio.o
 .debug_macro   0x0000000000000000       0xb0 drivers/Src/stm32f407_gpio.o
 .debug_macro   0x0000000000000000      0xa60 drivers/Src/stm32f407_gpio.o
 .debug_macro   0x0000000000000000       0x22 drivers/Src/stm32f407_gpio.o
 .debug_macro   0x0000000000000000       0x8e drivers/Src/stm32f407_gpio.o
 .debug_macro   0x0000000000000000       0x51 drivers/Src/stm32f407_gpio.o
 .debug_macro   0x0000000000000000       0xef drivers/Src/stm32f407_gpio.o
 .debug_macro   0x0000000000000000       0x6a drivers/Src/stm32f407_gpio.o
 .debug_macro   0x0000000000000000      0x1df drivers/Src/stm32f407_gpio.o
 .debug_macro   0x0000000000000000      0x148 drivers/Src/stm32f407_gpio.o
 .debug_macro   0x0000000000000000      0xf22 drivers/Src/stm32f407_gpio.o
 .debug_macro   0x0000000000000000       0xc4 drivers/Src/stm32f407_gpio.o
 .debug_macro   0x0000000000000000       0xac drivers/Src/stm32f407_gpio.o
 .debug_macro   0x0000000000000000       0x40 drivers/Src/stm32f407_gpio.o
 .debug_line    0x0000000000000000      0x51e drivers/Src/stm32f407_gpio.o
 .debug_str     0x0000000000000000     0xa5ea drivers/Src/stm32f407_gpio.o
 .comment       0x0000000000000000       0x7c drivers/Src/stm32f407_gpio.o
 .debug_frame   0x0000000000000000      0x174 drivers/Src/stm32f407_gpio.o
 .ARM.attributes
                0x0000000000000000       0x39 drivers/Src/stm32f407_gpio.o
 .group         0x0000000000000000        0xc drivers/Src/stm32f407_rcc.o
 .group         0x0000000000000000        0xc drivers/Src/stm32f407_rcc.o
 .group         0x0000000000000000        0xc drivers/Src/stm32f407_rcc.o
 .group         0x0000000000000000        0xc drivers/Src/stm32f407_rcc.o
 .group         0x0000000000000000        0xc drivers/Src/stm32f407_rcc.o
 .group         0x0000000000000000        0xc drivers/Src/stm32f407_rcc.o
 .group         0x0000000000000000        0xc drivers/Src/stm32f407_rcc.o
 .group         0x0000000000000000        0xc drivers/Src/stm32f407_rcc.o
 .group         0x0000000000000000        0xc drivers/Src/stm32f407_rcc.o
 .group         0x0000000000000000        0xc drivers/Src/stm32f407_rcc.o
 .text          0x0000000000000000        0x0 drivers/Src/stm32f407_rcc.o
 .data          0x0000000000000000        0x0 drivers/Src/stm32f407_rcc.o
 .bss           0x0000000000000000        0x0 drivers/Src/stm32f407_rcc.o
 .text.RCC_DeInitPrescaler
                0x0000000000000000       0x38 drivers/Src/stm32f407_rcc.o
 .debug_macro   0x0000000000000000      0xa60 drivers/Src/stm32f407_rcc.o
 .debug_macro   0x0000000000000000       0x22 drivers/Src/stm32f407_rcc.o
 .debug_macro   0x0000000000000000       0x8e drivers/Src/stm32f407_rcc.o
 .debug_macro   0x0000000000000000       0x51 drivers/Src/stm32f407_rcc.o
 .debug_macro   0x0000000000000000       0xef drivers/Src/stm32f407_rcc.o
 .debug_macro   0x0000000000000000       0x6a drivers/Src/stm32f407_rcc.o
 .debug_macro   0x0000000000000000      0x1df drivers/Src/stm32f407_rcc.o
 .debug_macro   0x0000000000000000      0x148 drivers/Src/stm32f407_rcc.o
 .debug_macro   0x0000000000000000      0xf22 drivers/Src/stm32f407_rcc.o
 .group         0x0000000000000000        0xc drivers/Src/stm32f407_rcc_periph.o
 .group         0x0000000000000000        0xc drivers/Src/stm32f407_rcc_periph.o
 .group         0x0000000000000000        0xc drivers/Src/stm32f407_rcc_periph.o
 .group         0x0000000000000000        0xc drivers/Src/stm32f407_rcc_periph.o
 .group         0x0000000000000000        0xc drivers/Src/stm32f407_rcc_periph.o
 .group         0x0000000000000000        0xc drivers/Src/stm32f407_rcc_periph.o
 .group         0x0000000000000000        0xc drivers/Src/stm32f407_rcc_periph.o
 .group         0x0000000000000000        0xc drivers/Src/stm32f407_rcc_periph.o
 .group         0x0000000000000000        0xc drivers/Src/stm32f407_rcc_periph.o
 .group         0x0000000000000000        0xc drivers/Src/stm32f407_rcc_periph.o
 .text          0x0000000000000000        0x0 drivers/Src/stm32f407_rcc_periph.o
 .data          0x0000000000000000        0x0 drivers/Src/stm32f407_rcc_periph.o
 .bss           0x0000000000000000        0x0 drivers/Src/stm32f407_rcc_periph.o
 .text.RCC_EnableAHB1PeriphClockOTGHSULPIEN
                0x0000000000000000       0x20 drivers/Src/stm32f407_rcc_periph.o
 .text.RCC_DisableAHB1PeriphClockOTGHSULPIEN
                0x0000000000000000       0x20 drivers/Src/stm32f407_rcc_periph.o
 .text.RCC_EnableAHB1PeriphClockOTGHSEN
                0x0000000000000000       0x20 drivers/Src/stm32f407_rcc_periph.o
 .text.RCC_DisableAHB1PeriphClockOTGHSEN
                0x0000000000000000       0x20 drivers/Src/stm32f407_rcc_periph.o
 .text.RCC_EnableAHB1PeriphClockETHMACPTPEN
                0x0000000000000000       0x20 drivers/Src/stm32f407_rcc_periph.o
 .text.RCC_DisableAHB1PeriphClockETHMACPTPEN
                0x0000000000000000       0x20 drivers/Src/stm32f407_rcc_periph.o
 .text.RCC_EnableAHB1PeriphClockETHMACRXEN
                0x0000000000000000       0x20 drivers/Src/stm32f407_rcc_periph.o
 .text.RCC_DisableAHB1PeriphClockETHMACRXEN
                0x0000000000000000       0x20 drivers/Src/stm32f407_rcc_periph.o
 .text.RCC_EnableAHB1PeriphClockETHMACTXEN
                0x0000000000000000       0x20 drivers/Src/stm32f407_rcc_periph.o
 .text.RCC_DisableAHB1PeriphClockETHMACTXEN
                0x0000000000000000       0x20 drivers/Src/stm32f407_rcc_periph.o
 .text.RCC_EnableAHB1PeriphClockETHMACEN
                0x0000000000000000       0x20 drivers/Src/stm32f407_rcc_periph.o
 .text.RCC_DisableAHB1PeriphClockETHMACEN
                0x0000000000000000       0x20 drivers/Src/stm32f407_rcc_periph.o
 .text.RCC_EnableAHB1PeriphClockDMA2EN
                0x0000000000000000       0x20 drivers/Src/stm32f407_rcc_periph.o
 .text.RCC_DisableAHB1PeriphClockDMA2EN
                0x0000000000000000       0x20 drivers/Src/stm32f407_rcc_periph.o
 .text.RCC_EnableAHB1PeriphClockDMA1EN
                0x0000000000000000       0x20 drivers/Src/stm32f407_rcc_periph.o
 .text.RCC_DisableAHB1PeriphClockDMA1EN
                0x0000000000000000       0x20 drivers/Src/stm32f407_rcc_periph.o
 .text.RCC_EnableAHB1PeriphClockCCMDATARAMEN
                0x0000000000000000       0x20 drivers/Src/stm32f407_rcc_periph.o
 .text.RCC_DisableAHB1PeriphClockCCMDATARAMEN
                0x0000000000000000       0x20 drivers/Src/stm32f407_rcc_periph.o
 .text.RCC_EnableAHB1PeriphClockBKPSRAMEN
                0x0000000000000000       0x20 drivers/Src/stm32f407_rcc_periph.o
 .text.RCC_DisableAHB1PeriphClockBKPSRAMEN
                0x0000000000000000       0x20 drivers/Src/stm32f407_rcc_periph.o
 .text.RCC_EnableAHB1PeriphClockCRCEN
                0x0000000000000000       0x20 drivers/Src/stm32f407_rcc_periph.o
 .text.RCC_DisableAHB1PeriphClockCRCEN
                0x0000000000000000       0x20 drivers/Src/stm32f407_rcc_periph.o
 .text.RCC_EnableAHB1PeriphClockGPIOIEN
                0x0000000000000000       0x20 drivers/Src/stm32f407_rcc_periph.o
 .text.RCC_DisableAHB1PeriphClockGPIOIEN
                0x0000000000000000       0x20 drivers/Src/stm32f407_rcc_periph.o
 .text.RCC_EnableAHB1PeriphClockGPIOHEN
                0x0000000000000000       0x20 drivers/Src/stm32f407_rcc_periph.o
 .text.RCC_DisableAHB1PeriphClockGPIOHEN
                0x0000000000000000       0x20 drivers/Src/stm32f407_rcc_periph.o
 .text.RCC_EnableAHB1PeriphClockGPIOGEN
                0x0000000000000000       0x20 drivers/Src/stm32f407_rcc_periph.o
 .text.RCC_DisableAHB1PeriphClockGPIOGEN
                0x0000000000000000       0x20 drivers/Src/stm32f407_rcc_periph.o
 .text.RCC_EnableAHB1PeriphClockGPIOFEN
                0x0000000000000000       0x20 drivers/Src/stm32f407_rcc_periph.o
 .text.RCC_DisableAHB1PeriphClockGPIOFEN
                0x0000000000000000       0x20 drivers/Src/stm32f407_rcc_periph.o
 .text.RCC_EnableAHB1PeriphClockGPIOEEN
                0x0000000000000000       0x20 drivers/Src/stm32f407_rcc_periph.o
 .text.RCC_DisableAHB1PeriphClockGPIOEEN
                0x0000000000000000       0x20 drivers/Src/stm32f407_rcc_periph.o
 .text.RCC_EnableAHB1PeriphClockGPIODEN
                0x0000000000000000       0x20 drivers/Src/stm32f407_rcc_periph.o
 .text.RCC_DisableAHB1PeriphClockGPIODEN
                0x0000000000000000       0x20 drivers/Src/stm32f407_rcc_periph.o
 .text.RCC_EnableAHB1PeriphClockGPIOCEN
                0x0000000000000000       0x20 drivers/Src/stm32f407_rcc_periph.o
 .text.RCC_DisableAHB1PeriphClockGPIOCEN
                0x0000000000000000       0x20 drivers/Src/stm32f407_rcc_periph.o
 .text.RCC_EnableAHB1PeriphClockGPIOBEN
                0x0000000000000000       0x20 drivers/Src/stm32f407_rcc_periph.o
 .text.RCC_DisableAHB1PeriphClockGPIOBEN
                0x0000000000000000       0x20 drivers/Src/stm32f407_rcc_periph.o
 .text.RCC_EnableAHB1PeriphClockGPIOAEN
                0x0000000000000000       0x20 drivers/Src/stm32f407_rcc_periph.o
 .text.RCC_DisableAHB1PeriphClockGPIOAEN
                0x0000000000000000       0x20 drivers/Src/stm32f407_rcc_periph.o
 .text.RCC_EnableAHB2PeriphClockOTGFSEN
                0x0000000000000000       0x20 drivers/Src/stm32f407_rcc_periph.o
 .text.RCC_DisableAHB2PeriphClockOTGFSEN
                0x0000000000000000       0x20 drivers/Src/stm32f407_rcc_periph.o
 .text.RCC_EnableAHB2PeriphClockRNGEN
                0x0000000000000000       0x20 drivers/Src/stm32f407_rcc_periph.o
 .text.RCC_DisableAHB2PeriphClockRNGEN
                0x0000000000000000       0x20 drivers/Src/stm32f407_rcc_periph.o
 .text.RCC_EnableAHB2PeriphClockHASHEN
                0x0000000000000000       0x20 drivers/Src/stm32f407_rcc_periph.o
 .text.RCC_DisableAHB2PeriphClockHASHEN
                0x0000000000000000       0x20 drivers/Src/stm32f407_rcc_periph.o
 .text.RCC_EnableAHB2PeriphClockCRYPEN
                0x0000000000000000       0x20 drivers/Src/stm32f407_rcc_periph.o
 .text.RCC_DisableAHB2PeriphClockCRYPEN
                0x0000000000000000       0x20 drivers/Src/stm32f407_rcc_periph.o
 .text.RCC_EnableAHB2PeriphClockDCMIEN
                0x0000000000000000       0x20 drivers/Src/stm32f407_rcc_periph.o
 .text.RCC_DisableAHB2PeriphClockDCMIEN
                0x0000000000000000       0x20 drivers/Src/stm32f407_rcc_periph.o
 .text.RCC_EnableAHB3PeriphClockFSMCEN
                0x0000000000000000       0x20 drivers/Src/stm32f407_rcc_periph.o
 .text.RCC_DisableAHB3PeriphClockFSMCEN
                0x0000000000000000       0x20 drivers/Src/stm32f407_rcc_periph.o
 .text.RCC_EnableAPB1PeriphClockDACEN
                0x0000000000000000       0x20 drivers/Src/stm32f407_rcc_periph.o
 .text.RCC_DisableAPB1PeriphClockDACEN
                0x0000000000000000       0x20 drivers/Src/stm32f407_rcc_periph.o
 .text.RCC_EnableAPB1PeriphClockPWREN
                0x0000000000000000       0x20 drivers/Src/stm32f407_rcc_periph.o
 .text.RCC_DisableAPB1PeriphClockPWREN
                0x0000000000000000       0x20 drivers/Src/stm32f407_rcc_periph.o
 .text.RCC_EnableAPB1PeriphClockCAN2EN
                0x0000000000000000       0x20 drivers/Src/stm32f407_rcc_periph.o
 .text.RCC_DisableAPB1PeriphClockCAN2EN
                0x0000000000000000       0x20 drivers/Src/stm32f407_rcc_periph.o
 .text.RCC_EnableAPB1PeriphClockCAN1EN
                0x0000000000000000       0x20 drivers/Src/stm32f407_rcc_periph.o
 .text.RCC_DisableAPB1PeriphClockCAN1EN
                0x0000000000000000       0x20 drivers/Src/stm32f407_rcc_periph.o
 .text.RCC_EnableAPB1PeriphClockI2C3EN
                0x0000000000000000       0x20 drivers/Src/stm32f407_rcc_periph.o
 .text.RCC_DisableAPB1PeriphClockI2C3EN
                0x0000000000000000       0x20 drivers/Src/stm32f407_rcc_periph.o
 .text.RCC_EnableAPB1PeriphClockI2C2EN
                0x0000000000000000       0x20 drivers/Src/stm32f407_rcc_periph.o
 .text.RCC_DisableAPB1PeriphClockI2C2EN
                0x0000000000000000       0x20 drivers/Src/stm32f407_rcc_periph.o
 .text.RCC_EnableAPB1PeriphClockI2C1EN
                0x0000000000000000       0x20 drivers/Src/stm32f407_rcc_periph.o
 .text.RCC_DisableAPB1PeriphClockI2C1EN
                0x0000000000000000       0x20 drivers/Src/stm32f407_rcc_periph.o
 .text.RCC_EnableAPB1PeriphClockUART5EN
                0x0000000000000000       0x20 drivers/Src/stm32f407_rcc_periph.o
 .text.RCC_DisableAPB1PeriphClockUART5EN
                0x0000000000000000       0x20 drivers/Src/stm32f407_rcc_periph.o
 .text.RCC_EnableAPB1PeriphClockUART4EN
                0x0000000000000000       0x20 drivers/Src/stm32f407_rcc_periph.o
 .text.RCC_DisableAPB1PeriphClockUART4EN
                0x0000000000000000       0x20 drivers/Src/stm32f407_rcc_periph.o
 .text.RCC_EnableAPB1PeriphClockUSART3EN
                0x0000000000000000       0x20 drivers/Src/stm32f407_rcc_periph.o
 .text.RCC_DisableAPB1PeriphClockUSART3EN
                0x0000000000000000       0x20 drivers/Src/stm32f407_rcc_periph.o
 .text.RCC_EnableAPB1PeriphClockUSART2EN
                0x0000000000000000       0x20 drivers/Src/stm32f407_rcc_periph.o
 .text.RCC_DisableAPB1PeriphClockUSART2EN
                0x0000000000000000       0x20 drivers/Src/stm32f407_rcc_periph.o
 .text.RCC_EnableAPB1PeriphClockSPI3EN
                0x0000000000000000       0x20 drivers/Src/stm32f407_rcc_periph.o
 .text.RCC_DisableAPB1PeriphClockSPI3EN
                0x0000000000000000       0x20 drivers/Src/stm32f407_rcc_periph.o
 .text.RCC_EnableAPB1PeriphClockSPI2EN
                0x0000000000000000       0x20 drivers/Src/stm32f407_rcc_periph.o
 .text.RCC_DisableAPB1PeriphClockSPI2EN
                0x0000000000000000       0x20 drivers/Src/stm32f407_rcc_periph.o
 .text.RCC_EnableAPB1PeriphClockWWDGEN
                0x0000000000000000       0x20 drivers/Src/stm32f407_rcc_periph.o
 .text.RCC_DisableAPB1PeriphClockWWDGEN
                0x0000000000000000       0x20 drivers/Src/stm32f407_rcc_periph.o
 .text.RCC_EnableAPB1PeriphClockTIM14EN
                0x0000000000000000       0x20 drivers/Src/stm32f407_rcc_periph.o
 .text.RCC_DisableAPB1PeriphClockTIM14EN
                0x0000000000000000       0x20 drivers/Src/stm32f407_rcc_periph.o
 .text.RCC_EnableAPB1PeriphClockTIM13EN
                0x0000000000000000       0x20 drivers/Src/stm32f407_rcc_periph.o
 .text.RCC_DisableAPB1PeriphClockTIM13EN
                0x0000000000000000       0x20 drivers/Src/stm32f407_rcc_periph.o
 .text.RCC_EnableAPB1PeriphClockTIM12EN
                0x0000000000000000       0x20 drivers/Src/stm32f407_rcc_periph.o
 .text.RCC_DisableAPB1PeriphClockTIM12EN
                0x0000000000000000       0x20 drivers/Src/stm32f407_rcc_periph.o
 .text.RCC_EnableAPB1PeriphClockTIM7EN
                0x0000000000000000       0x20 drivers/Src/stm32f407_rcc_periph.o
 .text.RCC_DisableAPB1PeriphClockTIM7EN
                0x0000000000000000       0x20 drivers/Src/stm32f407_rcc_periph.o
 .text.RCC_EnableAPB1PeriphClockTIM6EN
                0x0000000000000000       0x20 drivers/Src/stm32f407_rcc_periph.o
 .text.RCC_DisableAPB1PeriphClockTIM6EN
                0x0000000000000000       0x20 drivers/Src/stm32f407_rcc_periph.o
 .text.RCC_EnableAPB1PeriphClockTIM5EN
                0x0000000000000000       0x20 drivers/Src/stm32f407_rcc_periph.o
 .text.RCC_DisableAPB1PeriphClockTIM5EN
                0x0000000000000000       0x20 drivers/Src/stm32f407_rcc_periph.o
 .text.RCC_EnableAPB1PeriphClockTIM4EN
                0x0000000000000000       0x20 drivers/Src/stm32f407_rcc_periph.o
 .text.RCC_DisableAPB1PeriphClockTIM4EN
                0x0000000000000000       0x20 drivers/Src/stm32f407_rcc_periph.o
 .text.RCC_EnableAPB1PeriphClockTIM3EN
                0x0000000000000000       0x20 drivers/Src/stm32f407_rcc_periph.o
 .text.RCC_DisableAPB1PeriphClockTIM3EN
                0x0000000000000000       0x20 drivers/Src/stm32f407_rcc_periph.o
 .text.RCC_EnableAPB1PeriphClockTIM2EN
                0x0000000000000000       0x20 drivers/Src/stm32f407_rcc_periph.o
 .text.RCC_DisableAPB1PeriphClockTIM2EN
                0x0000000000000000       0x20 drivers/Src/stm32f407_rcc_periph.o
 .text.RCC_EnableAPB2PeriphClockTIM11EN
                0x0000000000000000       0x20 drivers/Src/stm32f407_rcc_periph.o
 .text.RCC_DisableAPB2PeriphClockTIM11EN
                0x0000000000000000       0x20 drivers/Src/stm32f407_rcc_periph.o
 .text.RCC_EnableAPB2PeriphClockTIM10EN
                0x0000000000000000       0x20 drivers/Src/stm32f407_rcc_periph.o
 .text.RCC_DisableAPB2PeriphClockTIM10EN
                0x0000000000000000       0x20 drivers/Src/stm32f407_rcc_periph.o
 .text.RCC_EnableAPB2PeriphClockTIM9EN
                0x0000000000000000       0x20 drivers/Src/stm32f407_rcc_periph.o
 .text.RCC_DisableAPB2PeriphClockTIM9EN
                0x0000000000000000       0x20 drivers/Src/stm32f407_rcc_periph.o
 .text.RCC_EnableAPB2PeriphClockSYSCFGEN
                0x0000000000000000       0x20 drivers/Src/stm32f407_rcc_periph.o
 .text.RCC_DisableAPB2PeriphClockSYSCFGEN
                0x0000000000000000       0x20 drivers/Src/stm32f407_rcc_periph.o
 .text.RCC_EnableAPB2PeriphClockSPI1EN
                0x0000000000000000       0x20 drivers/Src/stm32f407_rcc_periph.o
 .text.RCC_DisableAPB2PeriphClockSPI1EN
                0x0000000000000000       0x20 drivers/Src/stm32f407_rcc_periph.o
 .text.RCC_EnableAPB2PeriphClockSDIOEN
                0x0000000000000000       0x20 drivers/Src/stm32f407_rcc_periph.o
 .text.RCC_DisableAPB2PeriphClockSDIOEN
                0x0000000000000000       0x20 drivers/Src/stm32f407_rcc_periph.o
 .text.RCC_EnableAPB2PeriphClockADC3EN
                0x0000000000000000       0x20 drivers/Src/stm32f407_rcc_periph.o
 .text.RCC_DisableAPB2PeriphClockADC3EN
                0x0000000000000000       0x20 drivers/Src/stm32f407_rcc_periph.o
 .text.RCC_EnableAPB2PeriphClockADC2EN
                0x0000000000000000       0x20 drivers/Src/stm32f407_rcc_periph.o
 .text.RCC_DisableAPB2PeriphClockADC2EN
                0x0000000000000000       0x20 drivers/Src/stm32f407_rcc_periph.o
 .text.RCC_EnableAPB2PeriphClockADC1EN
                0x0000000000000000       0x20 drivers/Src/stm32f407_rcc_periph.o
 .text.RCC_DisableAPB2PeriphClockADC1EN
                0x0000000000000000       0x20 drivers/Src/stm32f407_rcc_periph.o
 .text.RCC_EnableAPB2PeriphClockUSART6EN
                0x0000000000000000       0x20 drivers/Src/stm32f407_rcc_periph.o
 .text.RCC_DisableAPB2PeriphClockUSART6EN
                0x0000000000000000       0x20 drivers/Src/stm32f407_rcc_periph.o
 .text.RCC_EnableAPB2PeriphClockUSART1EN
                0x0000000000000000       0x20 drivers/Src/stm32f407_rcc_periph.o
 .text.RCC_DisableAPB2PeriphClockUSART1EN
                0x0000000000000000       0x20 drivers/Src/stm32f407_rcc_periph.o
 .text.RCC_EnableAPB2PeriphClockTIM8EN
                0x0000000000000000       0x20 drivers/Src/stm32f407_rcc_periph.o
 .text.RCC_DisableAPB2PeriphClockTIM8EN
                0x0000000000000000       0x20 drivers/Src/stm32f407_rcc_periph.o
 .text.RCC_EnableAPB2PeriphClockTIM1EN
                0x0000000000000000       0x20 drivers/Src/stm32f407_rcc_periph.o
 .text.RCC_DisableAPB2PeriphClockTIM1EN
                0x0000000000000000       0x20 drivers/Src/stm32f407_rcc_periph.o
 .debug_info    0x0000000000000000      0xa99 drivers/Src/stm32f407_rcc_periph.o
 .debug_abbrev  0x0000000000000000       0xc2 drivers/Src/stm32f407_rcc_periph.o
 .debug_aranges
                0x0000000000000000      0x3f8 drivers/Src/stm32f407_rcc_periph.o
 .debug_ranges  0x0000000000000000      0x3e8 drivers/Src/stm32f407_rcc_periph.o
 .debug_macro   0x0000000000000000       0x94 drivers/Src/stm32f407_rcc_periph.o
 .debug_macro   0x0000000000000000      0xa60 drivers/Src/stm32f407_rcc_periph.o
 .debug_macro   0x0000000000000000       0x22 drivers/Src/stm32f407_rcc_periph.o
 .debug_macro   0x0000000000000000       0x8e drivers/Src/stm32f407_rcc_periph.o
 .debug_macro   0x0000000000000000       0x51 drivers/Src/stm32f407_rcc_periph.o
 .debug_macro   0x0000000000000000       0xef drivers/Src/stm32f407_rcc_periph.o
 .debug_macro   0x0000000000000000       0x6a drivers/Src/stm32f407_rcc_periph.o
 .debug_macro   0x0000000000000000      0x1df drivers/Src/stm32f407_rcc_periph.o
 .debug_macro   0x0000000000000000      0x148 drivers/Src/stm32f407_rcc_periph.o
 .debug_macro   0x0000000000000000      0xf22 drivers/Src/stm32f407_rcc_periph.o
 .debug_macro   0x0000000000000000       0x96 drivers/Src/stm32f407_rcc_periph.o
 .debug_line    0x0000000000000000      0xc9c drivers/Src/stm32f407_rcc_periph.o
 .debug_str     0x0000000000000000     0xb05f drivers/Src/stm32f407_rcc_periph.o
 .comment       0x0000000000000000       0x7c drivers/Src/stm32f407_rcc_periph.o
 .debug_frame   0x0000000000000000      0xf90 drivers/Src/stm32f407_rcc_periph.o
 .ARM.attributes
                0x0000000000000000       0x39 drivers/Src/stm32f407_rcc_periph.o
 .group         0x0000000000000000        0xc drivers/Src/stm32f407_sysconf.o
 .group         0x0000000000000000        0xc drivers/Src/stm32f407_sysconf.o
 .group         0x0000000000000000        0xc drivers/Src/stm32f407_sysconf.o
 .group         0x0000000000000000        0xc drivers/Src/stm32f407_sysconf.o
 .group         0x0000000000000000        0xc drivers/Src/stm32f407_sysconf.o
 .group         0x0000000000000000        0xc drivers/Src/stm32f407_sysconf.o
 .group         0x0000000000000000        0xc drivers/Src/stm32f407_sysconf.o
 .group         0x0000000000000000        0xc drivers/Src/stm32f407_sysconf.o
 .group         0x0000000000000000        0xc drivers/Src/stm32f407_sysconf.o
 .group         0x0000000000000000        0xc drivers/Src/stm32f407_sysconf.o
 .group         0x0000000000000000        0xc drivers/Src/stm32f407_sysconf.o
 .text          0x0000000000000000        0x0 drivers/Src/stm32f407_sysconf.o
 .data          0x0000000000000000        0x0 drivers/Src/stm32f407_sysconf.o
 .bss           0x0000000000000000        0x0 drivers/Src/stm32f407_sysconf.o
 .text.SYSCFG_MemoryRemapConfig
                0x0000000000000000       0x34 drivers/Src/stm32f407_sysconf.o
 .text.SYSCFG_SetPeriphMode
                0x0000000000000000       0x44 drivers/Src/stm32f407_sysconf.o
 .text.SYSCFG_SetClockPeriph
                0x0000000000000000       0x20 drivers/Src/stm32f407_sysconf.o
 .text.SYSCFG_SetExternalInt
                0x0000000000000000       0xd4 drivers/Src/stm32f407_sysconf.o
 .text.SYSCFG_SetCompensationCellPowerDown
                0x0000000000000000       0x34 drivers/Src/stm32f407_sysconf.o
 .text.SYSCFG_GetCompensationCellReadyFlag
                0x0000000000000000       0x20 drivers/Src/stm32f407_sysconf.o
 .text.SYSCFG_GetMemoryRemap
                0x0000000000000000       0x20 drivers/Src/stm32f407_sysconf.o
 .text.SYSCFG_GetPeriphMode
                0x0000000000000000       0x20 drivers/Src/stm32f407_sysconf.o
 .debug_info    0x0000000000000000      0x4f0 drivers/Src/stm32f407_sysconf.o
 .debug_abbrev  0x0000000000000000      0x116 drivers/Src/stm32f407_sysconf.o
 .debug_aranges
                0x0000000000000000       0x58 drivers/Src/stm32f407_sysconf.o
 .debug_ranges  0x0000000000000000       0x48 drivers/Src/stm32f407_sysconf.o
 .debug_macro   0x0000000000000000       0x9d drivers/Src/stm32f407_sysconf.o
 .debug_macro   0x0000000000000000      0xa60 drivers/Src/stm32f407_sysconf.o
 .debug_macro   0x0000000000000000       0x22 drivers/Src/stm32f407_sysconf.o
 .debug_macro   0x0000000000000000       0x8e drivers/Src/stm32f407_sysconf.o
 .debug_macro   0x0000000000000000       0x51 drivers/Src/stm32f407_sysconf.o
 .debug_macro   0x0000000000000000       0xef drivers/Src/stm32f407_sysconf.o
 .debug_macro   0x0000000000000000       0x6a drivers/Src/stm32f407_sysconf.o
 .debug_macro   0x0000000000000000      0x1df drivers/Src/stm32f407_sysconf.o
 .debug_macro   0x0000000000000000      0x148 drivers/Src/stm32f407_sysconf.o
 .debug_macro   0x0000000000000000      0xf22 drivers/Src/stm32f407_sysconf.o
 .debug_macro   0x0000000000000000       0xca drivers/Src/stm32f407_sysconf.o
 .debug_macro   0x0000000000000000       0x3a drivers/Src/stm32f407_sysconf.o
 .debug_line    0x0000000000000000      0x4f7 drivers/Src/stm32f407_sysconf.o
 .debug_str     0x0000000000000000     0xa32a drivers/Src/stm32f407_sysconf.o
 .comment       0x0000000000000000       0x7c drivers/Src/stm32f407_sysconf.o
 .debug_frame   0x0000000000000000      0x148 drivers/Src/stm32f407_sysconf.o
 .ARM.attributes
                0x0000000000000000       0x39 drivers/Src/stm32f407_sysconf.o
 .text          0x0000000000000000        0x0 c:/st/stm32cubeide_1.4.0/stm32cubeide/plugins/com.st.stm32cube.ide.mcu.externaltools.gnu-tools-for-stm32.7-2018-q2-update.win32_1.4.0.202007081208/tools/bin/../lib/gcc/arm-none-eabi/7.3.1/../../../../arm-none-eabi/lib/thumb/v7e-m/fpv4-sp/hard\libc_nano.a(lib_a-errno.o)
 .data          0x0000000000000000        0x0 c:/st/stm32cubeide_1.4.0/stm32cubeide/plugins/com.st.stm32cube.ide.mcu.externaltools.gnu-tools-for-stm32.7-2018-q2-update.win32_1.4.0.202007081208/tools/bin/../lib/gcc/arm-none-eabi/7.3.1/../../../../arm-none-eabi/lib/thumb/v7e-m/fpv4-sp/hard\libc_nano.a(lib_a-errno.o)
 .bss           0x0000000000000000        0x0 c:/st/stm32cubeide_1.4.0/stm32cubeide/plugins/com.st.stm32cube.ide.mcu.externaltools.gnu-tools-for-stm32.7-2018-q2-update.win32_1.4.0.202007081208/tools/bin/../lib/gcc/arm-none-eabi/7.3.1/../../../../arm-none-eabi/lib/thumb/v7e-m/fpv4-sp/hard\libc_nano.a(lib_a-errno.o)
 .text.__errno  0x0000000000000000        0xc c:/st/stm32cubeide_1.4.0/stm32cubeide/plugins/com.st.stm32cube.ide.mcu.externaltools.gnu-tools-for-stm32.7-2018-q2-update.win32_1.4.0.202007081208/tools/bin/../lib/gcc/arm-none-eabi/7.3.1/../../../../arm-none-eabi/lib/thumb/v7e-m/fpv4-sp/hard\libc_nano.a(lib_a-errno.o)
 .debug_frame   0x0000000000000000       0x20 c:/st/stm32cubeide_1.4.0/stm32cubeide/plugins/com.st.stm32cube.ide.mcu.externaltools.gnu-tools-for-stm32.7-2018-q2-update.win32_1.4.0.202007081208/tools/bin/../lib/gcc/arm-none-eabi/7.3.1/../../../../arm-none-eabi/lib/thumb/v7e-m/fpv4-sp/hard\libc_nano.a(lib_a-errno.o)
 .ARM.attributes
                0x0000000000000000       0x34 c:/st/stm32cubeide_1.4.0/stm32cubeide/plugins/com.st.stm32cube.ide.mcu.externaltools.gnu-tools-for-stm32.7-2018-q2-update.win32_1.4.0.202007081208/tools/bin/../lib/gcc/arm-none-eabi/7.3.1/../../../../arm-none-eabi/lib/thumb/v7e-m/fpv4-sp/hard\libc_nano.a(lib_a-errno.o)
 .text          0x0000000000000000        0x0 c:/st/stm32cubeide_1.4.0/stm32cubeide/plugins/com.st.stm32cube.ide.mcu.externaltools.gnu-tools-for-stm32.7-2018-q2-update.win32_1.4.0.202007081208/tools/bin/../lib/gcc/arm-none-eabi/7.3.1/../../../../arm-none-eabi/lib/thumb/v7e-m/fpv4-sp/hard\libc_nano.a(lib_a-exit.o)
 .data          0x0000000000000000        0x0 c:/st/stm32cubeide_1.4.0/stm32cubeide/plugins/com.st.stm32cube.ide.mcu.externaltools.gnu-tools-for-stm32.7-2018-q2-update.win32_1.4.0.202007081208/tools/bin/../lib/gcc/arm-none-eabi/7.3.1/../../../../arm-none-eabi/lib/thumb/v7e-m/fpv4-sp/hard\libc_nano.a(lib_a-exit.o)
 .bss           0x0000000000000000        0x0 c:/st/stm32cubeide_1.4.0/stm32cubeide/plugins/com.st.stm32cube.ide.mcu.externaltools.gnu-tools-for-stm32.7-2018-q2-update.win32_1.4.0.202007081208/tools/bin/../lib/gcc/arm-none-eabi/7.3.1/../../../../arm-none-eabi/lib/thumb/v7e-m/fpv4-sp/hard\libc_nano.a(lib_a-exit.o)
 .text.exit     0x0000000000000000       0x28 c:/st/stm32cubeide_1.4.0/stm32cubeide/plugins/com.st.stm32cube.ide.mcu.externaltools.gnu-tools-for-stm32.7-2018-q2-update.win32_1.4.0.202007081208/tools/bin/../lib/gcc/arm-none-eabi/7.3.1/../../../../arm-none-eabi/lib/thumb/v7e-m/fpv4-sp/hard\libc_nano.a(lib_a-exit.o)
 .debug_frame   0x0000000000000000       0x28 c:/st/stm32cubeide_1.4.0/stm32cubeide/plugins/com.st.stm32cube.ide.mcu.externaltools.gnu-tools-for-stm32.7-2018-q2-update.win32_1.4.0.202007081208/tools/bin/../lib/gcc/arm-none-eabi/7.3.1/../../../../arm-none-eabi/lib/thumb/v7e-m/fpv4-sp/hard\libc_nano.a(lib_a-exit.o)
 .ARM.attributes
                0x0000000000000000       0x34 c:/st/stm32cubeide_1.4.0/stm32cubeide/plugins/com.st.stm32cube.ide.mcu.externaltools.gnu-tools-for-stm32.7-2018-q2-update.win32_1.4.0.202007081208/tools/bin/../lib/gcc/arm-none-eabi/7.3.1/../../../../arm-none-eabi/lib/thumb/v7e-m/fpv4-sp/hard\libc_nano.a(lib_a-exit.o)
 .text          0x0000000000000000        0x0 c:/st/stm32cubeide_1.4.0/stm32cubeide/plugins/com.st.stm32cube.ide.mcu.externaltools.gnu-tools-for-stm32.7-2018-q2-update.win32_1.4.0.202007081208/tools/bin/../lib/gcc/arm-none-eabi/7.3.1/../../../../arm-none-eabi/lib/thumb/v7e-m/fpv4-sp/hard\libc_nano.a(lib_a-impure.o)
 .data          0x0000000000000000        0x0 c:/st/stm32cubeide_1.4.0/stm32cubeide/plugins/com.st.stm32cube.ide.mcu.externaltools.gnu-tools-for-stm32.7-2018-q2-update.win32_1.4.0.202007081208/tools/bin/../lib/gcc/arm-none-eabi/7.3.1/../../../../arm-none-eabi/lib/thumb/v7e-m/fpv4-sp/hard\libc_nano.a(lib_a-impure.o)
 .bss           0x0000000000000000        0x0 c:/st/stm32cubeide_1.4.0/stm32cubeide/plugins/com.st.stm32cube.ide.mcu.externaltools.gnu-tools-for-stm32.7-2018-q2-update.win32_1.4.0.202007081208/tools/bin/../lib/gcc/arm-none-eabi/7.3.1/../../../../arm-none-eabi/lib/thumb/v7e-m/fpv4-sp/hard\libc_nano.a(lib_a-impure.o)
 .data._impure_ptr
                0x0000000000000000        0x4 c:/st/stm32cubeide_1.4.0/stm32cubeide/plugins/com.st.stm32cube.ide.mcu.externaltools.gnu-tools-for-stm32.7-2018-q2-update.win32_1.4.0.202007081208/tools/bin/../lib/gcc/arm-none-eabi/7.3.1/../../../../arm-none-eabi/lib/thumb/v7e-m/fpv4-sp/hard\libc_nano.a(lib_a-impure.o)
 .data.impure_data
                0x0000000000000000       0x60 c:/st/stm32cubeide_1.4.0/stm32cubeide/plugins/com.st.stm32cube.ide.mcu.externaltools.gnu-tools-for-stm32.7-2018-q2-update.win32_1.4.0.202007081208/tools/bin/../lib/gcc/arm-none-eabi/7.3.1/../../../../arm-none-eabi/lib/thumb/v7e-m/fpv4-sp/hard\libc_nano.a(lib_a-impure.o)
 .rodata._global_impure_ptr
                0x0000000000000000        0x4 c:/st/stm32cubeide_1.4.0/stm32cubeide/plugins/com.st.stm32cube.ide.mcu.externaltools.gnu-tools-for-stm32.7-2018-q2-update.win32_1.4.0.202007081208/tools/bin/../lib/gcc/arm-none-eabi/7.3.1/../../../../arm-none-eabi/lib/thumb/v7e-m/fpv4-sp/hard\libc_nano.a(lib_a-impure.o)
 .ARM.attributes
                0x0000000000000000       0x34 c:/st/stm32cubeide_1.4.0/stm32cubeide/plugins/com.st.stm32cube.ide.mcu.externaltools.gnu-tools-for-stm32.7-2018-q2-update.win32_1.4.0.202007081208/tools/bin/../lib/gcc/arm-none-eabi/7.3.1/../../../../arm-none-eabi/lib/thumb/v7e-m/fpv4-sp/hard\libc_nano.a(lib_a-impure.o)
 .text          0x0000000000000000        0x0 c:/st/stm32cubeide_1.4.0/stm32cubeide/plugins/com.st.stm32cube.ide.mcu.externaltools.gnu-tools-for-stm32.7-2018-q2-update.win32_1.4.0.202007081208/tools/bin/../lib/gcc/arm-none-eabi/7.3.1/../../../../arm-none-eabi/lib/thumb/v7e-m/fpv4-sp/hard\libc_nano.a(lib_a-init.o)
 .data          0x0000000000000000        0x0 c:/st/stm32cubeide_1.4.0/stm32cubeide/plugins/com.st.stm32cube.ide.mcu.externaltools.gnu-tools-for-stm32.7-2018-q2-update.win32_1.4.0.202007081208/tools/bin/../lib/gcc/arm-none-eabi/7.3.1/../../../../arm-none-eabi/lib/thumb/v7e-m/fpv4-sp/hard\libc_nano.a(lib_a-init.o)
 .bss           0x0000000000000000        0x0 c:/st/stm32cubeide_1.4.0/stm32cubeide/plugins/com.st.stm32cube.ide.mcu.externaltools.gnu-tools-for-stm32.7-2018-q2-update.win32_1.4.0.202007081208/tools/bin/../lib/gcc/arm-none-eabi/7.3.1/../../../../arm-none-eabi/lib/thumb/v7e-m/fpv4-sp/hard\libc_nano.a(lib_a-init.o)
 .text          0x0000000000000000        0x0 c:/st/stm32cubeide_1.4.0/stm32cubeide/plugins/com.st.stm32cube.ide.mcu.externaltools.gnu-tools-for-stm32.7-2018-q2-update.win32_1.4.0.202007081208/tools/bin/../lib/gcc/arm-none-eabi/7.3.1/../../../../arm-none-eabi/lib/thumb/v7e-m/fpv4-sp/hard\libc_nano.a(lib_a-memset.o)
 .data          0x0000000000000000        0x0 c:/st/stm32cubeide_1.4.0/stm32cubeide/plugins/com.st.stm32cube.ide.mcu.externaltools.gnu-tools-for-stm32.7-2018-q2-update.win32_1.4.0.202007081208/tools/bin/../lib/gcc/arm-none-eabi/7.3.1/../../../../arm-none-eabi/lib/thumb/v7e-m/fpv4-sp/hard\libc_nano.a(lib_a-memset.o)
 .bss           0x0000000000000000        0x0 c:/st/stm32cubeide_1.4.0/stm32cubeide/plugins/com.st.stm32cube.ide.mcu.externaltools.gnu-tools-for-stm32.7-2018-q2-update.win32_1.4.0.202007081208/tools/bin/../lib/gcc/arm-none-eabi/7.3.1/../../../../arm-none-eabi/lib/thumb/v7e-m/fpv4-sp/hard\libc_nano.a(lib_a-memset.o)
 .text.memset   0x0000000000000000       0x10 c:/st/stm32cubeide_1.4.0/stm32cubeide/plugins/com.st.stm32cube.ide.mcu.externaltools.gnu-tools-for-stm32.7-2018-q2-update.win32_1.4.0.202007081208/tools/bin/../lib/gcc/arm-none-eabi/7.3.1/../../../../arm-none-eabi/lib/thumb/v7e-m/fpv4-sp/hard\libc_nano.a(lib_a-memset.o)
 .debug_frame   0x0000000000000000       0x20 c:/st/stm32cubeide_1.4.0/stm32cubeide/plugins/com.st.stm32cube.ide.mcu.externaltools.gnu-tools-for-stm32.7-2018-q2-update.win32_1.4.0.202007081208/tools/bin/../lib/gcc/arm-none-eabi/7.3.1/../../../../arm-none-eabi/lib/thumb/v7e-m/fpv4-sp/hard\libc_nano.a(lib_a-memset.o)
 .ARM.attributes
                0x0000000000000000       0x34 c:/st/stm32cubeide_1.4.0/stm32cubeide/plugins/com.st.stm32cube.ide.mcu.externaltools.gnu-tools-for-stm32.7-2018-q2-update.win32_1.4.0.202007081208/tools/bin/../lib/gcc/arm-none-eabi/7.3.1/../../../../arm-none-eabi/lib/thumb/v7e-m/fpv4-sp/hard\libc_nano.a(lib_a-memset.o)
 .text          0x0000000000000000        0x0 c:/st/stm32cubeide_1.4.0/stm32cubeide/plugins/com.st.stm32cube.ide.mcu.externaltools.gnu-tools-for-stm32.7-2018-q2-update.win32_1.4.0.202007081208/tools/bin/../lib/gcc/arm-none-eabi/7.3.1/thumb/v7e-m/fpv4-sp/hard/crtend.o
 .data          0x0000000000000000        0x0 c:/st/stm32cubeide_1.4.0/stm32cubeide/plugins/com.st.stm32cube.ide.mcu.externaltools.gnu-tools-for-stm32.7-2018-q2-update.win32_1.4.0.202007081208/tools/bin/../lib/gcc/arm-none-eabi/7.3.1/thumb/v7e-m/fpv4-sp/hard/crtend.o
 .bss           0x0000000000000000        0x0 c:/st/stm32cubeide_1.4.0/stm32cubeide/plugins/com.st.stm32cube.ide.mcu.externaltools.gnu-tools-for-stm32.7-2018-q2-update.win32_1.4.0.202007081208/tools/bin/../lib/gcc/arm-none-eabi/7.3.1/thumb/v7e-m/fpv4-sp/hard/crtend.o
 .eh_frame      0x0000000000000000        0x4 c:/st/stm32cubeide_1.4.0/stm32cubeide/plugins/com.st.stm32cube.ide.mcu.externaltools.gnu-tools-for-stm32.7-2018-q2-update.win32_1.4.0.202007081208/tools/bin/../lib/gcc/arm-none-eabi/7.3.1/thumb/v7e-m/fpv4-sp/hard/crtend.o
 .ARM.attributes
                0x0000000000000000       0x34 c:/st/stm32cubeide_1.4.0/stm32cubeide/plugins/com.st.stm32cube.ide.mcu.externaltools.gnu-tools-for-stm32.7-2018-q2-update.win32_1.4.0.202007081208/tools/bin/../lib/gcc/arm-none-eabi/7.3.1/thumb/v7e-m/fpv4-sp/hard/crtend.o
 .text          0x0000000000000000        0x0 c:/st/stm32cubeide_1.4.0/stm32cubeide/plugins/com.st.stm32cube.ide.mcu.externaltools.gnu-tools-for-stm32.7-2018-q2-update.win32_1.4.0.202007081208/tools/bin/../lib/gcc/arm-none-eabi/7.3.1/thumb/v7e-m/fpv4-sp/hard/crtn.o
 .data          0x0000000000000000        0x0 c:/st/stm32cubeide_1.4.0/stm32cubeide/plugins/com.st.stm32cube.ide.mcu.externaltools.gnu-tools-for-stm32.7-2018-q2-update.win32_1.4.0.202007081208/tools/bin/../lib/gcc/arm-none-eabi/7.3.1/thumb/v7e-m/fpv4-sp/hard/crtn.o
 .bss           0x0000000000000000        0x0 c:/st/stm32cubeide_1.4.0/stm32cubeide/plugins/com.st.stm32cube.ide.mcu.externaltools.gnu-tools-for-stm32.7-2018-q2-update.win32_1.4.0.202007081208/tools/bin/../lib/gcc/arm-none-eabi/7.3.1/thumb/v7e-m/fpv4-sp/hard/crtn.o

Memory Configuration

Name             Origin             Length             Attributes
RAM              0x0000000020000000 0x0000000000020000 xrw
ROM              0x0000000008000000 0x0000000000100000 xr
*default*        0x0000000000000000 0xffffffffffffffff

Linker script and memory map

LOAD c:/st/stm32cubeide_1.4.0/stm32cubeide/plugins/com.st.stm32cube.ide.mcu.externaltools.gnu-tools-for-stm32.7-2018-q2-update.win32_1.4.0.202007081208/tools/bin/../lib/gcc/arm-none-eabi/7.3.1/thumb/v7e-m/fpv4-sp/hard/crti.o
LOAD c:/st/stm32cubeide_1.4.0/stm32cubeide/plugins/com.st.stm32cube.ide.mcu.externaltools.gnu-tools-for-stm32.7-2018-q2-update.win32_1.4.0.202007081208/tools/bin/../lib/gcc/arm-none-eabi/7.3.1/thumb/v7e-m/fpv4-sp/hard/crtbegin.o
LOAD c:/st/stm32cubeide_1.4.0/stm32cubeide/plugins/com.st.stm32cube.ide.mcu.externaltools.gnu-tools-for-stm32.7-2018-q2-update.win32_1.4.0.202007081208/tools/bin/../lib/gcc/arm-none-eabi/7.3.1/../../../../arm-none-eabi/lib/thumb/v7e-m/fpv4-sp/hard/crt0.o
LOAD Src/main.o
LOAD Src/syscalls.o
LOAD Src/sysmem.o
LOAD Startup/startup_stm32f407vgtx.o
LOAD drivers/Src/arm4_nvic.o
LOAD drivers/Src/stm32f407_exti.o
LOAD drivers/Src/stm32f407_gpio.o
LOAD drivers/Src/stm32f407_rcc.o
LOAD drivers/Src/stm32f407_rcc_periph.o
LOAD drivers/Src/stm32f407_sysconf.o
START GROUP
LOAD c:/st/stm32cubeide_1.4.0/stm32cubeide/plugins/com.st.stm32cube.ide.mcu.externaltools.gnu-tools-for-stm32.7-2018-q2-update.win32_1.4.0.202007081208/tools/bin/../lib/gcc/arm-none-eabi/7.3.1/../../../../arm-none-eabi/lib/thumb/v7e-m/fpv4-sp/hard\libc_nano.a
LOAD c:/st/stm32cubeide_1.4.0/stm32cubeide/plugins/com.st.stm32cube.ide.mcu.externaltools.gnu-tools-for-stm32.7-2018-q2-update.win32_1.4.0.202007081208/tools/bin/../lib/gcc/arm-none-eabi/7.3.1/../../../../arm-none-eabi/lib/thumb/v7e-m/fpv4-sp/hard\libm.a
END GROUP
START GROUP
LOAD c:/st/stm32cubeide_1.4.0/stm32cubeide/plugins/com.st.stm32cube.ide.mcu.externaltools.gnu-tools-for-stm32.7-2018-q2-update.win32_1.4.0.202007081208/tools/bin/../lib/gcc/arm-none-eabi/7.3.1/thumb/v7e-m/fpv4-sp/hard\libgcc.a
LOAD c:/st/stm32cubeide_1.4.0/stm32cubeide/plugins/com.st.stm32cube.ide.mcu.externaltools.gnu-tools-for-stm32.7-2018-q2-update.win32_1.4.0.202007081208/tools/bin/../lib/gcc/arm-none-eabi/7.3.1/../../../../arm-none-eabi/lib/thumb/v7e-m/fpv4-sp/hard\libc_nano.a
END GROUP
START GROUP
LOAD c:/st/stm32cubeide_1.4.0/stm32cubeide/plugins/com.st.stm32cube.ide.mcu.externaltools.gnu-tools-for-stm32.7-2018-q2-update.win32_1.4.0.202007081208/tools/bin/../lib/gcc/arm-none-eabi/7.3.1/thumb/v7e-m/fpv4-sp/hard\libgcc.a
LOAD c:/st/stm32cubeide_1.4.0/stm32cubeide/plugins/com.st.stm32cube.ide.mcu.externaltools.gnu-tools-for-stm32.7-2018-q2-update.win32_1.4.0.202007081208/tools/bin/../lib/gcc/arm-none-eabi/7.3.1/../../../../arm-none-eabi/lib/thumb/v7e-m/fpv4-sp/hard\libc_nano.a
LOAD c:/st/stm32cubeide_1.4.0/stm32cubeide/plugins/com.st.stm32cube.ide.mcu.externaltools.gnu-tools-for-stm32.7-2018-q2-update.win32_1.4.0.202007081208/tools/bin/../lib/gcc/arm-none-eabi/7.3.1/../../../../arm-none-eabi/lib/thumb/v7e-m/fpv4-sp/hard\libnosys.a
END GROUP
START GROUP
LOAD c:/st/stm32cubeide_1.4.0/stm32cubeide/plugins/com.st.stm32cube.ide.mcu.externaltools.gnu-tools-for-stm32.7-2018-q2-update.win32_1.4.0.202007081208/tools/bin/../lib/gcc/arm-none-eabi/7.3.1/thumb/v7e-m/fpv4-sp/hard\libgcc.a
LOAD c:/st/stm32cubeide_1.4.0/stm32cubeide/plugins/com.st.stm32cube.ide.mcu.externaltools.gnu-tools-for-stm32.7-2018-q2-update.win32_1.4.0.202007081208/tools/bin/../lib/gcc/arm-none-eabi/7.3.1/../../../../arm-none-eabi/lib/thumb/v7e-m/fpv4-sp/hard\libc_nano.a
LOAD c:/st/stm32cubeide_1.4.0/stm32cubeide/plugins/com.st.stm32cube.ide.mcu.externaltools.gnu-tools-for-stm32.7-2018-q2-update.win32_1.4.0.202007081208/tools/bin/../lib/gcc/arm-none-eabi/7.3.1/../../../../arm-none-eabi/lib/thumb/v7e-m/fpv4-sp/hard\libnosys.a
END GROUP
LOAD c:/st/stm32cubeide_1.4.0/stm32cubeide/plugins/com.st.stm32cube.ide.mcu.externaltools.gnu-tools-for-stm32.7-2018-q2-update.win32_1.4.0.202007081208/tools/bin/../lib/gcc/arm-none-eabi/7.3.1/thumb/v7e-m/fpv4-sp/hard/crtend.o
LOAD c:/st/stm32cubeide_1.4.0/stm32cubeide/plugins/com.st.stm32cube.ide.mcu.externaltools.gnu-tools-for-stm32.7-2018-q2-update.win32_1.4.0.202007081208/tools/bin/../lib/gcc/arm-none-eabi/7.3.1/thumb/v7e-m/fpv4-sp/hard/crtn.o
                0x0000000020020000                _estack = (ORIGIN (RAM) + LENGTH (RAM))
                0x0000000000000200                _Min_Heap_Size = 0x200
                0x0000000000000400                _Min_Stack_Size = 0x400

.isr_vector     0x0000000008000000      0x1a8
                0x0000000008000000                . = ALIGN (0x4)
 *(.isr_vector)
 .isr_vector    0x0000000008000000      0x1a8 Startup/startup_stm32f407vgtx.o
                0x0000000008000000                g_pfnVectors
                0x00000000080001a8                . = ALIGN (0x4)

.text           0x00000000080001a8      0x2e8
                0x00000000080001a8                . = ALIGN (0x4)
 *(.text)
 .text          0x00000000080001a8       0x40 c:/st/stm32cubeide_1.4.0/stm32cubeide/plugins/com.st.stm32cube.ide.mcu.externaltools.gnu-tools-for-stm32.7-2018-q2-update.win32_1.4.0.202007081208/tools/bin/../lib/gcc/arm-none-eabi/7.3.1/thumb/v7e-m/fpv4-sp/hard/crtbegin.o
 *(.text*)
 .text.main     0x00000000080001e8       0x5c Src/main.o
                0x00000000080001e8                main
 .text.Reset_Handler
                0x0000000008000244       0x50 Startup/startup_stm32f407vgtx.o
                0x0000000008000244                Reset_Handler
 .text.Default_Handler
                0x0000000008000294        0x2 Startup/startup_stm32f407vgtx.o
                0x0000000008000294                RTC_Alarm_IRQHandler
                0x0000000008000294                HASH_RNG_IRQHandler
                0x0000000008000294                EXTI2_IRQHandler
                0x0000000008000294                TIM8_CC_IRQHandler
                0x0000000008000294                DebugMon_Handler
                0x0000000008000294                TIM1_CC_IRQHandler
                0x0000000008000294                DMA2_Stream5_IRQHandler
                0x0000000008000294                HardFault_Handler
                0x0000000008000294                DMA1_Stream5_IRQHandler
                0x0000000008000294                SysTick_Handler
                0x0000000008000294                PVD_IRQHandler
                0x0000000008000294                SDIO_IRQHandler
                0x0000000008000294                TAMP_STAMP_IRQHandler
                0x0000000008000294                PendSV_Handler
                0x0000000008000294                NMI_Handler
                0x0000000008000294                CAN2_RX1_IRQHandler
                0x0000000008000294                EXTI3_IRQHandler
                0x0000000008000294                TIM8_TRG_COM_TIM14_IRQHandler
                0x0000000008000294                TIM1_UP_TIM10_IRQHandler
                0x0000000008000294                TIM8_UP_TIM13_IRQHandler
                0x0000000008000294                I2C3_ER_IRQHandler
                0x0000000008000294                LCD_TFT_IRQHandler
                0x0000000008000294                EXTI0_IRQHandler
                0x0000000008000294                I2C2_EV_IRQHandler
                0x0000000008000294                DMA1_Stream2_IRQHandler
                0x0000000008000294                CAN1_RX0_IRQHandler
                0x0000000008000294                FPU_IRQHandler
                0x0000000008000294                OTG_HS_WKUP_IRQHandler
                0x0000000008000294                UsageFault_Handler
                0x0000000008000294                CAN2_SCE_IRQHandler
                0x0000000008000294                DMA2_Stream2_IRQHandler
                0x0000000008000294                SPI1_IRQHandler
                0x0000000008000294                TIM6_DAC_IRQHandler
                0x0000000008000294                TIM1_BRK_TIM9_IRQHandler
                0x0000000008000294                DCMI_IRQHandler
                0x0000000008000294                CAN2_RX0_IRQHandler
                0x0000000008000294                DMA2_Stream3_IRQHandler
                0x0000000008000294                USART6_IRQHandler
                0x0000000008000294                USART3_IRQHandler
                0x0000000008000294                CRYP_IRQHandler
                0x0000000008000294                CAN1_RX1_IRQHandler
                0x0000000008000294                UART5_IRQHandler
                0x0000000008000294                DMA2_Stream0_IRQHandler
                0x0000000008000294                TIM4_IRQHandler
                0x0000000008000294                I2C1_EV_IRQHandler
                0x0000000008000294                DMA1_Stream6_IRQHandler
                0x0000000008000294                DMA1_Stream1_IRQHandler
                0x0000000008000294                UART4_IRQHandler
                0x0000000008000294                LCD_TFT_1_IRQHandler
                0x0000000008000294                TIM3_IRQHandler
                0x0000000008000294                RCC_IRQHandler
                0x0000000008000294                TIM8_BRK_TIM12_IRQHandler
                0x0000000008000294                Default_Handler
                0x0000000008000294                EXTI15_10_IRQHandler
                0x0000000008000294                ADC_IRQHandler
                0x0000000008000294                DMA1_Stream7_IRQHandler
                0x0000000008000294                TIM7_IRQHandler
                0x0000000008000294                CAN2_TX_IRQHandler
                0x0000000008000294                TIM5_IRQHandler
                0x0000000008000294                DMA2_Stream7_IRQHandler
                0x0000000008000294                I2C3_EV_IRQHandler
                0x0000000008000294                EXTI9_5_IRQHandler
                0x0000000008000294                RTC_WKUP_IRQHandler
                0x0000000008000294                ETH_WKUP_IRQHandler
                0x0000000008000294                SPI2_IRQHandler
                0x0000000008000294                OTG_HS_EP1_IN_IRQHandler
                0x0000000008000294                MemManage_Handler
                0x0000000008000294                DMA1_Stream0_IRQHandler
                0x0000000008000294                CAN1_TX_IRQHandler
                0x0000000008000294                SVC_Handler
                0x0000000008000294                EXTI4_IRQHandler
                0x0000000008000294                FSMC_IRQHandler
                0x0000000008000294                ETH_IRQHandler
                0x0000000008000294                OTG_HS_EP1_OUT_IRQHandler
                0x0000000008000294                WWDG_IRQHandler
                0x0000000008000294                TIM2_IRQHandler
                0x0000000008000294                OTG_FS_WKUP_IRQHandler
                0x0000000008000294                TIM1_TRG_COM_TIM11_IRQHandler
                0x0000000008000294                OTG_HS_IRQHandler
                0x0000000008000294                EXTI1_IRQHandler
                0x0000000008000294                USART2_IRQHandler
                0x0000000008000294                I2C2_ER_IRQHandler
                0x0000000008000294                DMA2_Stream1_IRQHandler
                0x0000000008000294                CAN1_SCE_IRQHandler
                0x0000000008000294                DMA2_Stream4_IRQHandler
                0x0000000008000294                BusFault_Handler
                0x0000000008000294                USART1_IRQHandler
                0x0000000008000294                OTG_FS_IRQHandler
                0x0000000008000294                SPI3_IRQHandler
                0x0000000008000294                DMA1_Stream4_IRQHandler
                0x0000000008000294                I2C1_ER_IRQHandler
                0x0000000008000294                DMA2_Stream6_IRQHandler
                0x0000000008000294                DMA1_Stream3_IRQHandler
 *fill*         0x0000000008000296        0x2 
 .text.RCC_HSIConfig
                0x0000000008000298       0x40 drivers/Src/stm32f407_rcc.o
                0x0000000008000298                RCC_HSIConfig
 .text.RCC_SetPrescaler
                0x00000000080002d8       0x48 drivers/Src/stm32f407_rcc.o
                0x00000000080002d8                RCC_SetPrescaler
 .text.RCC_SetSystemClockSwitch
                0x0000000008000320       0x48 drivers/Src/stm32f407_rcc.o
                0x0000000008000320                RCC_SetSystemClockSwitch
 .text.RCC_GetOscillatorSoucre
                0x0000000008000368       0x28 drivers/Src/stm32f407_rcc.o
                0x0000000008000368                RCC_GetOscillatorSoucre
 .text.RCC_GetSYSCLK
                0x0000000008000390       0x16 drivers/Src/stm32f407_rcc.o
                0x0000000008000390                RCC_GetSYSCLK
 *fill*         0x00000000080003a6        0x2 
 .text.RCC_GetHCLK
                0x00000000080003a8       0x24 drivers/Src/stm32f407_rcc.o
                0x00000000080003a8                RCC_GetHCLK
 .text.RCC_GetPLCLK1
                0x00000000080003cc       0x32 drivers/Src/stm32f407_rcc.o
                0x00000000080003cc                RCC_GetPLCLK1
 .text.RCC_GetPLCLK2
                0x00000000080003fe       0x32 drivers/Src/stm32f407_rcc.o
                0x00000000080003fe                RCC_GetPLCLK2
 .text.__libc_init_array
                0x0000000008000430       0x48 c:/st/stm32cubeide_1.4.0/stm32cubeide/plugins/com.st.stm32cube.ide.mcu.externaltools.gnu-tools-for-stm32.7-2018-q2-update.win32_1.4.0.202007081208/tools/bin/../lib/gcc/arm-none-eabi/7.3.1/../../../../arm-none-eabi/lib/thumb/v7e-m/fpv4-sp/hard\libc_nano.a(lib_a-init.o)
                0x0000000008000430                __libc_init_array
 *(.glue_7)
 .glue_7        0x0000000008000478        0x0 linker stubs
 *(.glue_7t)
 .glue_7t       0x0000000008000478        0x0 linker stubs
 *(.eh_frame)
 .eh_frame      0x0000000008000478        0x0 c:/st/stm32cubeide_1.4.0/stm32cubeide/plugins/com.st.stm32cube.ide.mcu.externaltools.gnu-tools-for-stm32.7-2018-q2-update.win32_1.4.0.202007081208/tools/bin/../lib/gcc/arm-none-eabi/7.3.1/thumb/v7e-m/fpv4-sp/hard/crtbegin.o
 *(.init)
 .init          0x0000000008000478        0x4 c:/st/stm32cubeide_1.4.0/stm32cubeide/plugins/com.st.stm32cube.ide.mcu.externaltools.gnu-tools-for-stm32.7-2018-q2-update.win32_1.4.0.202007081208/tools/bin/../lib/gcc/arm-none-eabi/7.3.1/thumb/v7e-m/fpv4-sp/hard/crti.o
                0x0000000008000478                _init
 .init          0x000000000800047c        0x8 c:/st/stm32cubeide_1.4.0/stm32cubeide/plugins/com.st.stm32cube.ide.mcu.externaltools.gnu-tools-for-stm32.7-2018-q2-update.win32_1.4.0.202007081208/tools/bin/../lib/gcc/arm-none-eabi/7.3.1/thumb/v7e-m/fpv4-sp/hard/crtn.o
 *(.fini)
 .fini          0x0000000008000484        0x4 c:/st/stm32cubeide_1.4.0/stm32cubeide/plugins/com.st.stm32cube.ide.mcu.externaltools.gnu-tools-for-stm32.7-2018-q2-update.win32_1.4.0.202007081208/tools/bin/../lib/gcc/arm-none-eabi/7.3.1/thumb/v7e-m/fpv4-sp/hard/crti.o
                0x0000000008000484                _fini
 .fini          0x0000000008000488        0x8 c:/st/stm32cubeide_1.4.0/stm32cubeide/plugins/com.st.stm32cube.ide.mcu.externaltools.gnu-tools-for-stm32.7-2018-q2-update.win32_1.4.0.202007081208/tools/bin/../lib/gcc/arm-none-eabi/7.3.1/thumb/v7e-m/fpv4-sp/hard/crtn.o
                0x0000000008000490                . = ALIGN (0x4)
                0x0000000008000490                _etext = .

.vfp11_veneer   0x0000000008000490        0x0
 .vfp11_veneer  0x0000000008000490        0x0 linker stubs

.v4_bx          0x0000000008000490        0x0
 .v4_bx         0x0000000008000490        0x0 linker stubs

.iplt           0x0000000008000490        0x0
 .iplt          0x0000000008000490        0x0 c:/st/stm32cubeide_1.4.0/stm32cubeide/plugins/com.st.stm32cube.ide.mcu.externaltools.gnu-tools-for-stm32.7-2018-q2-update.win32_1.4.0.202007081208/tools/bin/../lib/gcc/arm-none-eabi/7.3.1/thumb/v7e-m/fpv4-sp/hard/crtbegin.o

.rel.dyn        0x0000000008000490        0x0
 .rel.iplt      0x0000000008000490        0x0 c:/st/stm32cubeide_1.4.0/stm32cubeide/plugins/com.st.stm32cube.ide.mcu.externaltools.gnu-tools-for-stm32.7-2018-q2-update.win32_1.4.0.202007081208/tools/bin/../lib/gcc/arm-none-eabi/7.3.1/thumb/v7e-m/fpv4-sp/hard/crtbegin.o

.rodata         0x0000000008000490        0x0
                0x0000000008000490                . = ALIGN (0x4)
 *(.rodata)
 *(.rodata*)
                0x0000000008000490                . = ALIGN (0x4)

.ARM.extab      0x0000000008000490        0x0
                0x0000000008000490                . = ALIGN (0x4)
 *(.ARM.extab* .gnu.linkonce.armextab.*)
                0x0000000008000490                . = ALIGN (0x4)

.ARM            0x0000000008000490        0x0
                0x0000000008000490                . = ALIGN (0x4)
                0x0000000008000490                __exidx_start = .
 *(.ARM.exidx*)
                0x0000000008000490                __exidx_end = .
                0x0000000008000490                . = ALIGN (0x4)

.preinit_array  0x0000000008000490        0x0
                0x0000000008000490                . = ALIGN (0x4)
                0x0000000008000490                PROVIDE (__preinit_array_start = .)
 *(.preinit_array*)
                0x0000000008000490                PROVIDE (__preinit_array_end = .)
                0x0000000008000490                . = ALIGN (0x4)

.init_array     0x0000000008000490        0x4
                0x0000000008000490                . = ALIGN (0x4)
                0x0000000008000490                PROVIDE (__init_array_start = .)
 *(SORT_BY_NAME(.init_array.*))
 *(.init_array*)
 .init_array    0x0000000008000490        0x4 c:/st/stm32cubeide_1.4.0/stm32cubeide/plugins/com.st.stm32cube.ide.mcu.externaltools.gnu-tools-for-stm32.7-2018-q2-update.win32_1.4.0.202007081208/tools/bin/../lib/gcc/arm-none-eabi/7.3.1/thumb/v7e-m/fpv4-sp/hard/crtbegin.o
                0x0000000008000494                PROVIDE (__init_array_end = .)
                0x0000000008000494                . = ALIGN (0x4)

.fini_array     0x0000000008000494        0x4
                0x0000000008000494                . = ALIGN (0x4)
                [!provide]                        PROVIDE (__fini_array_start = .)
 *(SORT_BY_NAME(.fini_array.*))
 *(.fini_array*)
 .fini_array    0x0000000008000494        0x4 c:/st/stm32cubeide_1.4.0/stm32cubeide/plugins/com.st.stm32cube.ide.mcu.externaltools.gnu-tools-for-stm32.7-2018-q2-update.win32_1.4.0.202007081208/tools/bin/../lib/gcc/arm-none-eabi/7.3.1/thumb/v7e-m/fpv4-sp/hard/crtbegin.o
                [!provide]                        PROVIDE (__fini_array_end = .)
                0x0000000008000498                . = ALIGN (0x4)
                0x0000000008000498                _sidata = LOADADDR (.data)

.data           0x0000000020000000        0x0 load address 0x0000000008000498
                0x0000000020000000                . = ALIGN (0x4)
                0x0000000020000000                _sdata = .
 *(.data)
 *(.data*)
                0x0000000020000000                . = ALIGN (0x4)
                0x0000000020000000                _edata = .

.igot.plt       0x0000000020000000        0x0 load address 0x0000000008000498
 .igot.plt      0x0000000020000000        0x0 c:/st/stm32cubeide_1.4.0/stm32cubeide/plugins/com.st.stm32cube.ide.mcu.externaltools.gnu-tools-for-stm32.7-2018-q2-update.win32_1.4.0.202007081208/tools/bin/../lib/gcc/arm-none-eabi/7.3.1/thumb/v7e-m/fpv4-sp/hard/crtbegin.o
                0x0000000020000000                . = ALIGN (0x4)

.bss            0x0000000020000000       0x1c load address 0x0000000008000498
                0x0000000020000000                _sbss = .
                0x0000000020000000                __bss_start__ = _sbss
 *(.bss)
 .bss           0x0000000020000000       0x1c c:/st/stm32cubeide_1.4.0/stm32cubeide/plugins/com.st.stm32cube.ide.mcu.externaltools.gnu-tools-for-stm32.7-2018-q2-update.win32_1.4.0.202007081208/tools/bin/../lib/gcc/arm-none-eabi/7.3.1/thumb/v7e-m/fpv4-sp/hard/crtbegin.o
 *(.bss*)
 *(COMMON)
                0x000000002000001c                . = ALIGN (0x4)
                0x000000002000001c                _ebss = .
                0x000000002000001c                __bss_end__ = _ebss

._user_heap_stack
                0x000000002000001c      0x604 load address 0x0000000008000498
                0x0000000020000020                . = ALIGN (0x8)
 *fill*         0x000000002000001c        0x4 
                [!provide]                        PROVIDE (end = .)
                0x0000000020000020                PROVIDE (_end = .)
                0x0000000020000220                . = (. + _Min_Heap_Size)
 *fill*         0x0000000020000020      0x200 
                0x0000000020000620                . = (. + _Min_Stack_Size)
 *fill*         0x0000000020000220      0x400 
                0x0000000020000620                . = ALIGN (0x8)

/DISCARD/
 libc.a(*)
 libm.a(*)
 libgcc.a(*)

.ARM.attributes
                0x0000000000000000       0x30
 *(.ARM.attributes)
 .ARM.attributes
                0x0000000000000000       0x22 c:/st/stm32cubeide_1.4.0/stm32cubeide/plugins/com.st.stm32cube.ide.mcu.externaltools.gnu-tools-for-stm32.7-2018-q2-update.win32_1.4.0.202007081208/tools/bin/../lib/gcc/arm-none-eabi/7.3.1/thumb/v7e-m/fpv4-sp/hard/crti.o
 .ARM.attributes
                0x0000000000000022       0x34 c:/st/stm32cubeide_1.4.0/stm32cubeide/plugins/com.st.stm32cube.ide.mcu.externaltools.gnu-tools-for-stm32.7-2018-q2-update.win32_1.4.0.202007081208/tools/bin/../lib/gcc/arm-none-eabi/7.3.1/thumb/v7e-m/fpv4-sp/hard/crtbegin.o
 .ARM.attributes
                0x0000000000000056       0x39 Src/main.o
 .ARM.attributes
                0x000000000000008f       0x21 Startup/startup_stm32f407vgtx.o
 .ARM.attributes
                0x00000000000000b0       0x39 drivers/Src/stm32f407_rcc.o
 .ARM.attributes
                0x00000000000000e9       0x34 c:/st/stm32cubeide_1.4.0/stm32cubeide/plugins/com.st.stm32cube.ide.mcu.externaltools.gnu-tools-for-stm32.7-2018-q2-update.win32_1.4.0.202007081208/tools/bin/../lib/gcc/arm-none-eabi/7.3.1/../../../../arm-none-eabi/lib/thumb/v7e-m/fpv4-sp/hard\libc_nano.a(lib_a-init.o)
 .ARM.attributes
                0x000000000000011d       0x22 c:/st/stm32cubeide_1.4.0/stm32cubeide/plugins/com.st.stm32cube.ide.mcu.externaltools.gnu-tools-for-stm32.7-2018-q2-update.win32_1.4.0.202007081208/tools/bin/../lib/gcc/arm-none-eabi/7.3.1/thumb/v7e-m/fpv4-sp/hard/crtn.o
OUTPUT(stm32f407driver.elf elf32-littlearm)

.debug_info     0x0000000000000000      0x535
 .debug_info    0x0000000000000000      0x120 Src/main.o
 .debug_info    0x0000000000000120       0x22 Startup/startup_stm32f407vgtx.o
 .debug_info    0x0000000000000142      0x3f3 drivers/Src/stm32f407_rcc.o

.debug_abbrev   0x0000000000000000      0x1f9
 .debug_abbrev  0x0000000000000000       0x97 Src/main.o
 .debug_abbrev  0x0000000000000097       0x12 Startup/startup_stm32f407vgtx.o
 .debug_abbrev  0x00000000000000a9      0x150 drivers/Src/stm32f407_rcc.o

.debug_aranges  0x0000000000000000       0xa8
 .debug_aranges
                0x0000000000000000       0x20 Src/main.o
 .debug_aranges
                0x0000000000000020       0x28 Startup/startup_stm32f407vgtx.o
 .debug_aranges
                0x0000000000000048       0x60 drivers/Src/stm32f407_rcc.o

.debug_ranges   0x0000000000000000       0x80
 .debug_ranges  0x0000000000000000       0x10 Src/main.o
 .debug_ranges  0x0000000000000010       0x20 Startup/startup_stm32f407vgtx.o
 .debug_ranges  0x0000000000000030       0x50 drivers/Src/stm32f407_rcc.o

.debug_macro    0x0000000000000000     0x2287
 .debug_macro   0x0000000000000000       0xb4 Src/main.o
 .debug_macro   0x00000000000000b4      0xa60 Src/main.o
 .debug_macro   0x0000000000000b14       0x22 Src/main.o
 .debug_macro   0x0000000000000b36       0x8e Src/main.o
 .debug_macro   0x0000000000000bc4       0x51 Src/main.o
 .debug_macro   0x0000000000000c15       0xef Src/main.o
 .debug_macro   0x0000000000000d04       0x6a Src/main.o
 .debug_macro   0x0000000000000d6e      0x1df Src/main.o
 .debug_macro   0x0000000000000f4d      0x148 Src/main.o
 .debug_macro   0x0000000000001095      0xf22 Src/main.o
 .debug_macro   0x0000000000001fb7       0xc4 Src/main.o
 .debug_macro   0x000000000000207b       0x3a Src/main.o
 .debug_macro   0x00000000000020b5       0x9c Src/main.o
 .debug_macro   0x0000000000002151       0xa0 drivers/Src/stm32f407_rcc.o
 .debug_macro   0x00000000000021f1       0x96 drivers/Src/stm32f407_rcc.o

.debug_line     0x0000000000000000      0x93d
 .debug_line    0x0000000000000000      0x41e Src/main.o
 .debug_line    0x000000000000041e       0x84 Startup/startup_stm32f407vgtx.o
 .debug_line    0x00000000000004a2      0x49b drivers/Src/stm32f407_rcc.o

.debug_str      0x0000000000000000     0xa353
 .debug_str     0x0000000000000000     0xa0f1 Src/main.o
                                       0xa25d (size before relaxing)
 .debug_str     0x000000000000a0f1       0x31 Startup/startup_stm32f407vgtx.o
                                         0x6a (size before relaxing)
 .debug_str     0x000000000000a122      0x231 drivers/Src/stm32f407_rcc.o
                                       0xa19d (size before relaxing)

.comment        0x0000000000000000       0x7b
 .comment       0x0000000000000000       0x7b Src/main.o
                                         0x7c (size before relaxing)
 .comment       0x000000000000007b       0x7c drivers/Src/stm32f407_rcc.o

.debug_frame    0x0000000000000000      0x1bc
 .debug_frame   0x0000000000000000       0x34 Src/main.o
 .debug_frame   0x0000000000000034      0x15c drivers/Src/stm32f407_rcc.o
 .debug_frame   0x0000000000000190       0x2c c:/st/stm32cubeide_1.4.0/stm32cubeide/plugins/com.st.stm32cube.ide.mcu.externaltools.gnu-tools-for-stm32.7-2018-q2-update.win32_1.4.0.202007081208/tools/bin/../lib/gcc/arm-none-eabi/7.3.1/../../../../arm-none-eabi/lib/thumb/v7e-m/fpv4-sp/hard\libc_nano.a(lib_a-init.o)
