stm32f407_rcc_periph.c:13:6:RCC_EnableAHB1PeriphClockOTGHSULPIEN	4	static
stm32f407_rcc_periph.c:17:6:RCC_DisableAHB1PeriphClockOTGHSULPIEN	4	static
stm32f407_rcc_periph.c:22:6:RCC_EnableAHB1PeriphClockOTGHSEN	4	static
stm32f407_rcc_periph.c:26:6:RCC_DisableAHB1PeriphClockOTGHSEN	4	static
stm32f407_rcc_periph.c:31:6:RCC_EnableAHB1PeriphClockETHMACPTPEN	4	static
stm32f407_rcc_periph.c:35:6:RCC_DisableAHB1PeriphClockETHMACPTPEN	4	static
stm32f407_rcc_periph.c:40:6:RCC_EnableAHB1PeriphClockETHMACRXEN	4	static
stm32f407_rcc_periph.c:44:6:RCC_DisableAHB1PeriphClockETHMACRXEN	4	static
stm32f407_rcc_periph.c:49:6:RCC_EnableAHB1PeriphClockETHMACTXEN	4	static
stm32f407_rcc_periph.c:53:6:RCC_DisableAHB1PeriphClockETHMACTXEN	4	static
stm32f407_rcc_periph.c:58:6:RCC_EnableAHB1PeriphClockETHMACEN	4	static
stm32f407_rcc_periph.c:62:6:RCC_DisableAHB1PeriphClockETHMACEN	4	static
stm32f407_rcc_periph.c:67:6:RCC_EnableAHB1PeriphClockDMA2EN	4	static
stm32f407_rcc_periph.c:71:6:RCC_DisableAHB1PeriphClockDMA2EN	4	static
stm32f407_rcc_periph.c:76:6:RCC_EnableAHB1PeriphClockDMA1EN	4	static
stm32f407_rcc_periph.c:80:6:RCC_DisableAHB1PeriphClockDMA1EN	4	static
stm32f407_rcc_periph.c:85:6:RCC_EnableAHB1PeriphClockCCMDATARAMEN	4	static
stm32f407_rcc_periph.c:89:6:RCC_DisableAHB1PeriphClockCCMDATARAMEN	4	static
stm32f407_rcc_periph.c:94:6:RCC_EnableAHB1PeriphClockBKPSRAMEN	4	static
stm32f407_rcc_periph.c:98:6:RCC_DisableAHB1PeriphClockBKPSRAMEN	4	static
stm32f407_rcc_periph.c:103:6:RCC_EnableAHB1PeriphClockCRCEN	4	static
stm32f407_rcc_periph.c:107:6:RCC_DisableAHB1PeriphClockCRCEN	4	static
stm32f407_rcc_periph.c:112:6:RCC_EnableAHB1PeriphClockGPIOIEN	4	static
stm32f407_rcc_periph.c:116:6:RCC_DisableAHB1PeriphClockGPIOIEN	4	static
stm32f407_rcc_periph.c:121:6:RCC_EnableAHB1PeriphClockGPIOHEN	4	static
stm32f407_rcc_periph.c:125:6:RCC_DisableAHB1PeriphClockGPIOHEN	4	static
stm32f407_rcc_periph.c:130:6:RCC_EnableAHB1PeriphClockGPIOGEN	4	static
stm32f407_rcc_periph.c:134:6:RCC_DisableAHB1PeriphClockGPIOGEN	4	static
stm32f407_rcc_periph.c:139:6:RCC_EnableAHB1PeriphClockGPIOFEN	4	static
stm32f407_rcc_periph.c:143:6:RCC_DisableAHB1PeriphClockGPIOFEN	4	static
stm32f407_rcc_periph.c:148:6:RCC_EnableAHB1PeriphClockGPIOEEN	4	static
stm32f407_rcc_periph.c:152:6:RCC_DisableAHB1PeriphClockGPIOEEN	4	static
stm32f407_rcc_periph.c:157:6:RCC_EnableAHB1PeriphClockGPIODEN	4	static
stm32f407_rcc_periph.c:161:6:RCC_DisableAHB1PeriphClockGPIODEN	4	static
stm32f407_rcc_periph.c:166:6:RCC_EnableAHB1PeriphClockGPIOCEN	4	static
stm32f407_rcc_periph.c:170:6:RCC_DisableAHB1PeriphClockGPIOCEN	4	static
stm32f407_rcc_periph.c:175:6:RCC_EnableAHB1PeriphClockGPIOBEN	4	static
stm32f407_rcc_periph.c:179:6:RCC_DisableAHB1PeriphClockGPIOBEN	4	static
stm32f407_rcc_periph.c:184:6:RCC_EnableAHB1PeriphClockGPIOAEN	4	static
stm32f407_rcc_periph.c:188:6:RCC_DisableAHB1PeriphClockGPIOAEN	4	static
stm32f407_rcc_periph.c:195:6:RCC_EnableAHB2PeriphClockOTGFSEN	4	static
stm32f407_rcc_periph.c:199:6:RCC_DisableAHB2PeriphClockOTGFSEN	4	static
stm32f407_rcc_periph.c:204:6:RCC_EnableAHB2PeriphClockRNGEN	4	static
stm32f407_rcc_periph.c:208:6:RCC_DisableAHB2PeriphClockRNGEN	4	static
stm32f407_rcc_periph.c:213:6:RCC_EnableAHB2PeriphClockHASHEN	4	static
stm32f407_rcc_periph.c:217:6:RCC_DisableAHB2PeriphClockHASHEN	4	static
stm32f407_rcc_periph.c:222:6:RCC_EnableAHB2PeriphClockCRYPEN	4	static
stm32f407_rcc_periph.c:226:6:RCC_DisableAHB2PeriphClockCRYPEN	4	static
stm32f407_rcc_periph.c:231:6:RCC_EnableAHB2PeriphClockDCMIEN	4	static
stm32f407_rcc_periph.c:235:6:RCC_DisableAHB2PeriphClockDCMIEN	4	static
stm32f407_rcc_periph.c:242:6:RCC_EnableAHB3PeriphClockFSMCEN	4	static
stm32f407_rcc_periph.c:246:6:RCC_DisableAHB3PeriphClockFSMCEN	4	static
stm32f407_rcc_periph.c:253:6:RCC_EnableAPB1PeriphClockDACEN	4	static
stm32f407_rcc_periph.c:257:6:RCC_DisableAPB1PeriphClockDACEN	4	static
stm32f407_rcc_periph.c:262:6:RCC_EnableAPB1PeriphClockPWREN	4	static
stm32f407_rcc_periph.c:266:6:RCC_DisableAPB1PeriphClockPWREN	4	static
stm32f407_rcc_periph.c:271:6:RCC_EnableAPB1PeriphClockCAN2EN	4	static
stm32f407_rcc_periph.c:275:6:RCC_DisableAPB1PeriphClockCAN2EN	4	static
stm32f407_rcc_periph.c:280:6:RCC_EnableAPB1PeriphClockCAN1EN	4	static
stm32f407_rcc_periph.c:284:6:RCC_DisableAPB1PeriphClockCAN1EN	4	static
stm32f407_rcc_periph.c:289:6:RCC_EnableAPB1PeriphClockI2C3EN	4	static
stm32f407_rcc_periph.c:293:6:RCC_DisableAPB1PeriphClockI2C3EN	4	static
stm32f407_rcc_periph.c:298:6:RCC_EnableAPB1PeriphClockI2C2EN	4	static
stm32f407_rcc_periph.c:302:6:RCC_DisableAPB1PeriphClockI2C2EN	4	static
stm32f407_rcc_periph.c:307:6:RCC_EnableAPB1PeriphClockI2C1EN	4	static
stm32f407_rcc_periph.c:311:6:RCC_DisableAPB1PeriphClockI2C1EN	4	static
stm32f407_rcc_periph.c:316:6:RCC_EnableAPB1PeriphClockUART5EN	4	static
stm32f407_rcc_periph.c:320:6:RCC_DisableAPB1PeriphClockUART5EN	4	static
stm32f407_rcc_periph.c:325:6:RCC_EnableAPB1PeriphClockUART4EN	4	static
stm32f407_rcc_periph.c:329:6:RCC_DisableAPB1PeriphClockUART4EN	4	static
stm32f407_rcc_periph.c:334:6:RCC_EnableAPB1PeriphClockUSART3EN	4	static
stm32f407_rcc_periph.c:338:6:RCC_DisableAPB1PeriphClockUSART3EN	4	static
stm32f407_rcc_periph.c:343:6:RCC_EnableAPB1PeriphClockUSART2EN	4	static
stm32f407_rcc_periph.c:347:6:RCC_DisableAPB1PeriphClockUSART2EN	4	static
stm32f407_rcc_periph.c:352:6:RCC_EnableAPB1PeriphClockSPI3EN	4	static
stm32f407_rcc_periph.c:356:6:RCC_DisableAPB1PeriphClockSPI3EN	4	static
stm32f407_rcc_periph.c:361:6:RCC_EnableAPB1PeriphClockSPI2EN	4	static
stm32f407_rcc_periph.c:365:6:RCC_DisableAPB1PeriphClockSPI2EN	4	static
stm32f407_rcc_periph.c:370:6:RCC_EnableAPB1PeriphClockWWDGEN	4	static
stm32f407_rcc_periph.c:374:6:RCC_DisableAPB1PeriphClockWWDGEN	4	static
stm32f407_rcc_periph.c:379:6:RCC_EnableAPB1PeriphClockTIM14EN	4	static
stm32f407_rcc_periph.c:383:6:RCC_DisableAPB1PeriphClockTIM14EN	4	static
stm32f407_rcc_periph.c:388:6:RCC_EnableAPB1PeriphClockTIM13EN	4	static
stm32f407_rcc_periph.c:392:6:RCC_DisableAPB1PeriphClockTIM13EN	4	static
stm32f407_rcc_periph.c:397:6:RCC_EnableAPB1PeriphClockTIM12EN	4	static
stm32f407_rcc_periph.c:401:6:RCC_DisableAPB1PeriphClockTIM12EN	4	static
stm32f407_rcc_periph.c:406:6:RCC_EnableAPB1PeriphClockTIM7EN	4	static
stm32f407_rcc_periph.c:410:6:RCC_DisableAPB1PeriphClockTIM7EN	4	static
stm32f407_rcc_periph.c:415:6:RCC_EnableAPB1PeriphClockTIM6EN	4	static
stm32f407_rcc_periph.c:419:6:RCC_DisableAPB1PeriphClockTIM6EN	4	static
stm32f407_rcc_periph.c:424:6:RCC_EnableAPB1PeriphClockTIM5EN	4	static
stm32f407_rcc_periph.c:428:6:RCC_DisableAPB1PeriphClockTIM5EN	4	static
stm32f407_rcc_periph.c:433:6:RCC_EnableAPB1PeriphClockTIM4EN	4	static
stm32f407_rcc_periph.c:437:6:RCC_DisableAPB1PeriphClockTIM4EN	4	static
stm32f407_rcc_periph.c:442:6:RCC_EnableAPB1PeriphClockTIM3EN	4	static
stm32f407_rcc_periph.c:446:6:RCC_DisableAPB1PeriphClockTIM3EN	4	static
stm32f407_rcc_periph.c:451:6:RCC_EnableAPB1PeriphClockTIM2EN	4	static
stm32f407_rcc_periph.c:455:6:RCC_DisableAPB1PeriphClockTIM2EN	4	static
stm32f407_rcc_periph.c:462:6:RCC_EnableAPB2PeriphClockTIM11EN	4	static
stm32f407_rcc_periph.c:466:6:RCC_DisableAPB2PeriphClockTIM11EN	4	static
stm32f407_rcc_periph.c:471:6:RCC_EnableAPB2PeriphClockTIM10EN	4	static
stm32f407_rcc_periph.c:475:6:RCC_DisableAPB2PeriphClockTIM10EN	4	static
stm32f407_rcc_periph.c:480:6:RCC_EnableAPB2PeriphClockTIM9EN	4	static
stm32f407_rcc_periph.c:484:6:RCC_DisableAPB2PeriphClockTIM9EN	4	static
stm32f407_rcc_periph.c:489:6:RCC_EnableAPB2PeriphClockSYSCFGEN	4	static
stm32f407_rcc_periph.c:493:6:RCC_DisableAPB2PeriphClockSYSCFGEN	4	static
stm32f407_rcc_periph.c:498:6:RCC_EnableAPB2PeriphClockSPI1EN	4	static
stm32f407_rcc_periph.c:502:6:RCC_DisableAPB2PeriphClockSPI1EN	4	static
stm32f407_rcc_periph.c:507:6:RCC_EnableAPB2PeriphClockSDIOEN	4	static
stm32f407_rcc_periph.c:511:6:RCC_DisableAPB2PeriphClockSDIOEN	4	static
stm32f407_rcc_periph.c:516:6:RCC_EnableAPB2PeriphClockADC3EN	4	static
stm32f407_rcc_periph.c:520:6:RCC_DisableAPB2PeriphClockADC3EN	4	static
stm32f407_rcc_periph.c:525:6:RCC_EnableAPB2PeriphClockADC2EN	4	static
stm32f407_rcc_periph.c:529:6:RCC_DisableAPB2PeriphClockADC2EN	4	static
stm32f407_rcc_periph.c:534:6:RCC_EnableAPB2PeriphClockADC1EN	4	static
stm32f407_rcc_periph.c:538:6:RCC_DisableAPB2PeriphClockADC1EN	4	static
stm32f407_rcc_periph.c:543:6:RCC_EnableAPB2PeriphClockUSART6EN	4	static
stm32f407_rcc_periph.c:547:6:RCC_DisableAPB2PeriphClockUSART6EN	4	static
stm32f407_rcc_periph.c:552:6:RCC_EnableAPB2PeriphClockUSART1EN	4	static
stm32f407_rcc_periph.c:556:6:RCC_DisableAPB2PeriphClockUSART1EN	4	static
stm32f407_rcc_periph.c:561:6:RCC_EnableAPB2PeriphClockTIM8EN	4	static
stm32f407_rcc_periph.c:565:6:RCC_DisableAPB2PeriphClockTIM8EN	4	static
stm32f407_rcc_periph.c:570:6:RCC_EnableAPB2PeriphClockTIM1EN	4	static
stm32f407_rcc_periph.c:574:6:RCC_DisableAPB2PeriphClockTIM1EN	4	static
